Component: ARM Compiler 5.06 update 5 (build 528) Tool: armlink [4d35e2]

==============================================================================

Section Cross References

    startup_stm32f10x_md.o(STACK) refers (Special) to heapauxi.o(.text) for __use_two_region_memory
    startup_stm32f10x_md.o(HEAP) refers (Special) to heapauxi.o(.text) for __use_two_region_memory
    startup_stm32f10x_md.o(RESET) refers (Special) to heapauxi.o(.text) for __use_two_region_memory
    startup_stm32f10x_md.o(RESET) refers to startup_stm32f10x_md.o(STACK) for __initial_sp
    startup_stm32f10x_md.o(RESET) refers to startup_stm32f10x_md.o(.text) for Reset_Handler
    startup_stm32f10x_md.o(RESET) refers to stm32f10x_it.o(i.NMI_Handler) for NMI_Handler
    startup_stm32f10x_md.o(RESET) refers to stm32f10x_it.o(i.HardFault_Handler) for HardFault_Handler
    startup_stm32f10x_md.o(RESET) refers to stm32f10x_it.o(i.MemManage_Handler) for MemManage_Handler
    startup_stm32f10x_md.o(RESET) refers to stm32f10x_it.o(i.BusFault_Handler) for BusFault_Handler
    startup_stm32f10x_md.o(RESET) refers to stm32f10x_it.o(i.UsageFault_Handler) for UsageFault_Handler
    startup_stm32f10x_md.o(RESET) refers to stm32f10x_it.o(i.SVC_Handler) for SVC_Handler
    startup_stm32f10x_md.o(RESET) refers to stm32f10x_it.o(i.DebugMon_Handler) for DebugMon_Handler
    startup_stm32f10x_md.o(RESET) refers to stm32f10x_it.o(i.PendSV_Handler) for PendSV_Handler
    startup_stm32f10x_md.o(RESET) refers to stm32f10x_it.o(i.SysTick_Handler) for SysTick_Handler
    startup_stm32f10x_md.o(RESET) refers to encoder.o(i.EXTI1_IRQHandler) for EXTI1_IRQHandler
    startup_stm32f10x_md.o(RESET) refers to encoder.o(i.EXTI9_5_IRQHandler) for EXTI9_5_IRQHandler
    startup_stm32f10x_md.o(RESET) refers to main.o(i.TIM2_IRQHandler) for TIM2_IRQHandler
    startup_stm32f10x_md.o(RESET) refers to serial.o(i.USART1_IRQHandler) for USART1_IRQHandler
    startup_stm32f10x_md.o(RESET) refers to openmv.o(i.USART2_IRQHandler) for USART2_IRQHandler
    startup_stm32f10x_md.o(RESET) refers to sensor.o(i.EXTI15_10_IRQHandler) for EXTI15_10_IRQHandler
    startup_stm32f10x_md.o(.text) refers (Special) to heapauxi.o(.text) for __use_two_region_memory
    startup_stm32f10x_md.o(.text) refers to system_stm32f10x.o(i.SystemInit) for SystemInit
    startup_stm32f10x_md.o(.text) refers to __main.o(!!!main) for __main
    startup_stm32f10x_md.o(.text) refers to startup_stm32f10x_md.o(HEAP) for Heap_Mem
    startup_stm32f10x_md.o(.text) refers to startup_stm32f10x_md.o(STACK) for Stack_Mem
    system_stm32f10x.o(i.SetSysClock) refers to system_stm32f10x.o(i.SetSysClockTo72) for SetSysClockTo72
    system_stm32f10x.o(i.SystemCoreClockUpdate) refers to system_stm32f10x.o(.data) for SystemCoreClock
    system_stm32f10x.o(i.SystemInit) refers to system_stm32f10x.o(i.SetSysClock) for SetSysClock
    stm32f10x_adc.o(i.ADC_DeInit) refers to stm32f10x_rcc.o(i.RCC_APB2PeriphResetCmd) for RCC_APB2PeriphResetCmd
    stm32f10x_bkp.o(i.BKP_DeInit) refers to stm32f10x_rcc.o(i.RCC_BackupResetCmd) for RCC_BackupResetCmd
    stm32f10x_can.o(i.CAN_DeInit) refers to stm32f10x_rcc.o(i.RCC_APB1PeriphResetCmd) for RCC_APB1PeriphResetCmd
    stm32f10x_can.o(i.CAN_GetITStatus) refers to stm32f10x_can.o(i.CheckITStatus) for CheckITStatus
    stm32f10x_cec.o(i.CEC_DeInit) refers to stm32f10x_rcc.o(i.RCC_APB1PeriphResetCmd) for RCC_APB1PeriphResetCmd
    stm32f10x_dac.o(i.DAC_DeInit) refers to stm32f10x_rcc.o(i.RCC_APB1PeriphResetCmd) for RCC_APB1PeriphResetCmd
    stm32f10x_flash.o(i.FLASH_EnableWriteProtection) refers to stm32f10x_flash.o(i.FLASH_WaitForLastOperation) for FLASH_WaitForLastOperation
    stm32f10x_flash.o(i.FLASH_EraseAllBank1Pages) refers to stm32f10x_flash.o(i.FLASH_WaitForLastBank1Operation) for FLASH_WaitForLastBank1Operation
    stm32f10x_flash.o(i.FLASH_EraseAllPages) refers to stm32f10x_flash.o(i.FLASH_WaitForLastOperation) for FLASH_WaitForLastOperation
    stm32f10x_flash.o(i.FLASH_EraseOptionBytes) refers to stm32f10x_flash.o(i.FLASH_GetReadOutProtectionStatus) for FLASH_GetReadOutProtectionStatus
    stm32f10x_flash.o(i.FLASH_EraseOptionBytes) refers to stm32f10x_flash.o(i.FLASH_WaitForLastOperation) for FLASH_WaitForLastOperation
    stm32f10x_flash.o(i.FLASH_ErasePage) refers to stm32f10x_flash.o(i.FLASH_WaitForLastOperation) for FLASH_WaitForLastOperation
    stm32f10x_flash.o(i.FLASH_ProgramHalfWord) refers to stm32f10x_flash.o(i.FLASH_WaitForLastOperation) for FLASH_WaitForLastOperation
    stm32f10x_flash.o(i.FLASH_ProgramOptionByteData) refers to stm32f10x_flash.o(i.FLASH_WaitForLastOperation) for FLASH_WaitForLastOperation
    stm32f10x_flash.o(i.FLASH_ProgramWord) refers to stm32f10x_flash.o(i.FLASH_WaitForLastOperation) for FLASH_WaitForLastOperation
    stm32f10x_flash.o(i.FLASH_ReadOutProtection) refers to stm32f10x_flash.o(i.FLASH_WaitForLastOperation) for FLASH_WaitForLastOperation
[...]
    i.TIM_OC1PreloadConfig                   0x080030e4   Section        0  stm32f10x_tim.o(i.TIM_OC1PreloadConfig)
    i.TIM_OC4Init                            0x080030f8   Section        0  stm32f10x_tim.o(i.TIM_OC4Init)
    i.TIM_OC4PreloadConfig                   0x08003174   Section        0  stm32f10x_tim.o(i.TIM_OC4PreloadConfig)
    i.TIM_SetCompare1                        0x0800318e   Section        0  stm32f10x_tim.o(i.TIM_SetCompare1)
    i.TIM_SetCompare4                        0x08003192   Section        0  stm32f10x_tim.o(i.TIM_SetCompare4)
    i.TIM_TimeBaseInit                       0x08003198   Section        0  stm32f10x_tim.o(i.TIM_TimeBaseInit)
    i.USART1_IRQHandler                      0x0800323c   Section        0  serial.o(i.USART1_IRQHandler)
    i.USART1_Init                            0x08003274   Section        0  serial.o(i.USART1_Init)
    i.USART2_IRQHandler                      0x08003314   Section        0  openmv.o(i.USART2_IRQHandler)
    i.USART2_Init                            0x08003530   Section        0  openmv.o(i.USART2_Init)
    i.USART_ClearITPendingBit                0x080035b8   Section        0  stm32f10x_usart.o(i.USART_ClearITPendingBit)
    i.USART_Cmd                              0x080035d6   Section        0  stm32f10x_usart.o(i.USART_Cmd)
    i.USART_GetFlagStatus                    0x080035ee   Section        0  stm32f10x_usart.o(i.USART_GetFlagStatus)
    i.USART_GetITStatus                      0x08003608   Section        0  stm32f10x_usart.o(i.USART_GetITStatus)
    i.USART_ITConfig                         0x0800365c   Section        0  stm32f10x_usart.o(i.USART_ITConfig)
    i.USART_Init                             0x080036a8   Section        0  stm32f10x_usart.o(i.USART_Init)
    i.USART_ReceiveData                      0x08003780   Section        0  stm32f10x_usart.o(i.USART_ReceiveData)
    i.USART_SendData                         0x0800378a   Section        0  stm32f10x_usart.o(i.USART_SendData)
    i.UsageFault_Handler                     0x08003792   Section        0  stm32f10x_it.o(i.UsageFault_Handler)
    i.__ARM_fpclassify                       0x08003796   Section        0  fpclassify.o(i.__ARM_fpclassify)
    i._is_digit                              0x080037be   Section        0  __printf_wp.o(i._is_digit)
    i.go_line                                0x080037cc   Section        0  main.o(i.go_line)
    i.main                                   0x080038dc   Section        0  main.o(i.main)
    i.sensor_Init                            0x08003960   Section        0  sensor.o(i.sensor_Init)
    locale$$code                             0x080039e4   Section       44  lc_numeric_c.o(locale$$code)
    locale$$code                             0x08003a10   Section       44  lc_ctype_c.o(locale$$code)
    x$fpl$dretinf                            0x08003a3c   Section       12  dretinf.o(x$fpl$dretinf)
    x$fpl$f2d                                0x08003a48   Section       86  f2d.o(x$fpl$f2d)
    x$fpl$fadd                               0x08003aa0   Section      196  faddsub_clz.o(x$fpl$fadd)
    _fadd1                                   0x08003aaf   Thumb Code     0  faddsub_clz.o(x$fpl$fadd)
    x$fpl$fcmpinf                            0x08003b64   Section       24  fcmpi.o(x$fpl$fcmpinf)
    x$fpl$ffixu                              0x08003b7c   Section       62  ffixu.o(x$fpl$ffixu)
    x$fpl$fflt                               0x08003bbc   Section       48  fflt_clz.o(x$fpl$fflt)
    x$fpl$fleqf                              0x08003bec   Section      104  fleqf.o(x$fpl$fleqf)
    x$fpl$fmul                               0x08003c54   Section      258  fmul.o(x$fpl$fmul)
    x$fpl$fnaninf                            0x08003d56   Section      140  fnaninf.o(x$fpl$fnaninf)
    x$fpl$fretinf                            0x08003de2   Section       10  fretinf.o(x$fpl$fretinf)
    x$fpl$frleqf                             0x08003dec   Section       98  frleqf.o(x$fpl$frleqf)
    x$fpl$frsb                               0x08003e4e   Section       20  faddsub_clz.o(x$fpl$frsb)
    x$fpl$fsub                               0x08003e64   Section      234  faddsub_clz.o(x$fpl$fsub)
    _fsub1                                   0x08003e73   Thumb Code     0  faddsub_clz.o(x$fpl$fsub)
    x$fpl$printf1                            0x08003f4e   Section        4  printf1.o(x$fpl$printf1)
    x$fpl$printf2                            0x08003f52   Section        4  printf2.o(x$fpl$printf2)
    .constdata                               0x08003f56   Section     1520  oled.o(.constdata)
    x$fpl$usenofp                            0x08003f56   Section        0  usenofp.o(x$fpl$usenofp)
    .constdata                               0x08004546   Section       17  __printf_flags_ss_wp.o(.constdata)
    maptable                                 0x08004546   Data          17  __printf_flags_ss_wp.o(.constdata)
    .constdata                               0x08004558   Section        8  _printf_wctomb.o(.constdata)
    initial_mbstate                          0x08004558   Data           8  _printf_wctomb.o(.constdata)
    .constdata                               0x08004560   Section       40  _printf_hex_int_ll_ptr.o(.constdata)
    uc_hextab                                0x08004560   Data          20  _printf_hex_int_ll_ptr.o(.constdata)
    lc_hextab                                0x08004574   Data          20  _printf_hex_int_ll_ptr.o(.constdata)
    .constdata                               0x08004588   Section       38  _printf_fp_hex.o(.constdata)
    lc_hextab                                0x08004588   Data          19  _printf_fp_hex.o(.constdata)
    uc_hextab                                0x0800459b   Data          19  _printf_fp_hex.o(.constdata)
    .constdata                               0x080045b0   Section      148  bigflt0.o(.constdata)
    tenpwrs_x                                0x080045b0   Data          60  bigflt0.o(.constdata)
    tenpwrs_i                                0x080045ec   Data          64  bigflt0.o(.constdata)
    locale$$data                             0x08004664   Section       28  lc_numeric_c.o(locale$$data)
    __lcnum_c_name                           0x08004668   Data           2  lc_numeric_c.o(locale$$data)
    __lcnum_c_start                          0x08004670   Data           0  lc_numeric_c.o(locale$$data)
    __lcnum_c_point                          0x0800467c   Data           0  lc_numeric_c.o(locale$$data)
    __lcnum_c_thousands                      0x0800467e   Data           0  lc_numeric_c.o(locale$$data)
    __lcnum_c_grouping                       0x0800467f   Data           0  lc_numeric_c.o(locale$$data)
    locale$$data                             0x08004680   Section      272  lc_ctype_c.o(locale$$data)
    __lcnum_c_end                            0x08004680   Data           0  lc_numeric_c.o(locale$$data)
    __lcctype_c_name                         0x08004684   Data           2  lc_ctype_c.o(locale$$data)
    __lcctype_c_start                        0x0800468c   Data           0  lc_ctype_c.o(locale$$data)
    __lcctype_c_end                          0x08004790   Data           0  lc_ctype_c.o(locale$$data)
    .data                                    0x20000000   Section       20  stm32f10x_rcc.o(.data)
    APBAHBPrescTable                         0x20000000   Data          16  stm32f10x_rcc.o(.data)
    ADCPrescTable                            0x20000010   Data           4  stm32f10x_rcc.o(.data)
    .data                                    0x20000014   Section       16  key.o(.data)
    Kp                                       0x20000014   Data           4  key.o(.data)
    Ki                                       0x20000018   Data           4  key.o(.data)
    Kd                                       0x2000001c   Data           4  key.o(.data)
    key_up                                   0x20000023   Data           1  key.o(.data)
    .data                                    0x20000024   Section       24  motor.o(.data)
    Kp                                       0x20000024   Data           4  motor.o(.data)
    Ki                                       0x20000028   Data           4  motor.o(.data)
    Kd                                       0x2000002c   Data           4  motor.o(.data)
    .data                                    0x2000003c   Section        8  encoder.o(.data)
    .data                                    0x20000044   Section       23  openmv.o(.data)
    RxCounter1                               0x20000058   Data           1  openmv.o(.data)
    RxState                                  0x20000059   Data           1  openmv.o(.data)
    RxFlag1                                  0x2000005a   Data           1  openmv.o(.data)
    .data                                    0x2000005c   Section       84  rpm.o(.data)
    Kp                                       0x2000005c   Data           4  rpm.o(.data)
    Ki                                       0x20000060   Data           4  rpm.o(.data)
    Kd                                       0x20000064   Data           4  rpm.o(.data)
    last_error_L                             0x20000068   Data           4  rpm.o(.data)
    last_error_R                             0x2000006c   Data           4  rpm.o(.data)
    next_error_L                             0x20000070   Data           4  rpm.o(.data)
    next_error_R                             0x20000074   Data           4  rpm.o(.data)
    KP_L                                     0x20000078   Data           4  rpm.o(.data)
    KP_R                                     0x2000007c   Data           4  rpm.o(.data)
    KI_L                                     0x20000080   Data           4  rpm.o(.data)
    KI_R                                     0x20000084   Data           4  rpm.o(.data)
    KD_L                                     0x20000088   Data           4  rpm.o(.data)
    KD_R                                     0x2000008c   Data           4  rpm.o(.data)
    .data                                    0x200000b0   Section        2  serial.o(.data)
    .data                                    0x200000b4   Section       60  sensor.o(.data)
    Kp                                       0x200000b4   Data           4  sensor.o(.data)
    Ki                                       0x200000b8   Data           4  sensor.o(.data)
    Kd                                       0x200000bc   Data           4  sensor.o(.data)
    last_error_L                             0x200000c0   Data           4  sensor.o(.data)
    last_error_R                             0x200000c4   Data           4  sensor.o(.data)
    next_error_L                             0x200000c8   Data           4  sensor.o(.data)
    next_error_R                             0x200000cc   Data           4  sensor.o(.data)
    KP_L                                     0x200000d0   Data           4  sensor.o(.data)
    KP_R                                     0x200000d4   Data           4  sensor.o(.data)
    KI_L                                     0x200000d8   Data           4  sensor.o(.data)
    KI_R                                     0x200000dc   Data           4  sensor.o(.data)
    KD_L                                     0x200000e0   Data           4  sensor.o(.data)
    KD_R                                     0x200000e4   Data           4  sensor.o(.data)
    .data                                    0x200000f0   Section       88  main.o(.data)
    Kp                                       0x200000f0   Data           4  main.o(.data)
    Ki                                       0x200000f4   Data           4  main.o(.data)
    Kd                                       0x200000f8   Data           4  main.o(.data)
    last_error_L                             0x200000fc   Data           4  main.o(.data)
    last_error_R                             0x20000100   Data           4  main.o(.data)
    next_error_L                             0x20000104   Data           4  main.o(.data)
    next_error_R                             0x20000108   Data           4  main.o(.data)
    KP_L                                     0x2000010c   Data           4  main.o(.data)
    KP_R                                     0x20000110   Data           4  main.o(.data)
    KI_L                                     0x20000114   Data           4  main.o(.data)
    KI_R                                     0x20000118   Data           4  main.o(.data)
    KD_L                                     0x2000011c   Data           4  main.o(.data)
    KD_R                                     0x20000120   Data           4  main.o(.data)
    .bss                                     0x20000148   Section       20  openmv.o(.bss)
    RxBuffer1                                0x20000148   Data          20  openmv.o(.bss)
    .bss                                     0x2000015c   Section       96  libspace.o(.bss)
    HEAP                                     0x200001c0   Section      512  startup_stm32f10x_md.o(HEAP)
    Heap_Mem                                 0x200001c0   Data         512  startup_stm32f10x_md.o(HEAP)
    STACK                                    0x200003c0   Section     1024  startup_stm32f10x_md.o(STACK)
    Stack_Mem                                0x200003c0   Data        1024  startup_stm32f10x_md.o(STACK)
    __initial_sp                             0x200007c0   Data           0  startup_stm32f10x_md.o(STACK)

    Global Symbols

    Symbol Name                              Value     Ov Type        Size  Object(Section)

    BuildAttributes$$THM_ISAv4$P$D$K$B$S$PE$A:L22UL41UL21$X:L11$S22US41US21$IEEE1$IW$USESV6$~STKCKD$USESV7$~SHL$OTIME$ROPI$IEEEJ$EBA8$UX$STANDARDLIB$REQ8$PRES8$EABIv2 0x00000000   Number         0  anon$$obj.o ABSOLUTE
    __ARM_use_no_argv                        0x00000000   Number         0  main.o ABSOLUTE
    _printf_flags                            0x00000000   Number         0  printf_stubs.o ABSOLUTE
    _printf_return_value                     0x00000000   Number         0  printf_stubs.o ABSOLUTE
    _printf_sizespec                         0x00000000   Number         0  printf_stubs.o ABSOLUTE
    _printf_widthprec                        0x00000000   Number         0  printf_stubs.o ABSOLUTE
    __ARM_exceptions_init                     - Undefined Weak Reference
    __alloca_initialize                       - Undefined Weak Reference
    __arm_preinit_                            - Undefined Weak Reference
    __cpp_initialize__aeabi_                  - Undefined Weak Reference
    __cxa_finalize                            - Undefined Weak Reference
    __sigvec_lookup                           - Undefined Weak Reference
    _atexit_init                              - Undefined Weak Reference
    _call_atexit_fns                          - Undefined Weak Reference
    _clock_init                               - Undefined Weak Reference
    _fp_trap_init                             - Undefined Weak Reference
    _fp_trap_shutdown                         - Undefined Weak Reference
    _get_lc_collate                           - Undefined Weak Reference
    _get_lc_monetary                          - Undefined Weak Reference
    _get_lc_time                              - Undefined Weak Reference
    _getenv_init                              - Undefined Weak Reference
    _handle_redirection                       - Undefined Weak Reference
    _init_alloc                               - Undefined Weak Reference
    _init_user_alloc                          - Undefined Weak Reference
    _initio                                   - Undefined Weak Reference
    _printf_mbtowc                            - Undefined Weak Reference
    _printf_wc                                - Undefined Weak Reference
    _rand_init                                - Undefined Weak Reference
    _signal_finish                            - Undefined Weak Reference
    _signal_init                              - Undefined Weak Reference
    _terminate_alloc                          - Undefined Weak Reference
    _terminate_user_alloc                     - Undefined Weak Reference
    _terminateio                              - Undefined Weak Reference
    __Vectors_Size                           0x000000ec   Number         0  startup_stm32f10x_md.o ABSOLUTE
    __Vectors                                0x08000000   Data           4  startup_stm32f10x_md.o(RESET)
    __Vectors_End                            0x080000ec   Data           0  startup_stm32f10x_md.o(RESET)
    __main                                   0x080000ed   Thumb Code     8  __main.o(!!!main)
    __scatterload                            0x080000f5   Thumb Code     0  __scatter.o(!!!scatter)
    __scatterload_rt2                        0x080000f5   Thumb Code    44  __scatter.o(!!!scatter)
    __scatterload_rt2_thumb_only             0x080000f5   Thumb Code     0  __scatter.o(!!!scatter)
    __scatterload_null                       0x08000103   Thumb Code     0  __scatter.o(!!!scatter)
    __decompress                             0x08000129   Thumb Code    90  __dczerorl2.o(!!dczerorl2)
    __decompress1                            0x08000129   Thumb Code     0  __dczerorl2.o(!!dczerorl2)
    __scatterload_zeroinit                   0x08000185   Thumb Code    28  __scatter_zi.o(!!handler_zi)
    _printf_n                                0x080001a1   Thumb Code     0  _printf_n.o(.ARM.Collect$$_printf_percent$$00000001)
    _printf_percent                          0x080001a1   Thumb Code     0  _printf_percent.o(.ARM.Collect$$_printf_percent$$00000000)
    _printf_p                                0x080001a7   Thumb Code     0  _printf_p.o(.ARM.Collect$$_printf_percent$$00000002)
    _printf_f                                0x080001ad   Thumb Code     0  _printf_f.o(.ARM.Collect$$_printf_percent$$00000003)
    _printf_e                                0x080001b3   Thumb Code     0  _printf_e.o(.ARM.Collect$$_printf_percent$$00000004)
    _printf_g                                0x080001b9   Thumb Code     0  _printf_g.o(.ARM.Collect$$_printf_percent$$00000005)
    _printf_a                                0x080001bf   Thumb Code     0  _printf_a.o(.ARM.Collect$$_printf_percent$$00000006)
    _printf_ll                               0x080001c5   Thumb Code     0  _printf_ll.o(.ARM.Collect$$_printf_percent$$00000007)
    _printf_i                                0x080001cf   Thumb Code     0  _printf_i.o(.ARM.Collect$$_printf_percent$$00000008)
    _printf_d                                0x080001d5   Thumb Code     0  _printf_d.o(.ARM.Collect$$_printf_percent$$00000009)
    _printf_u                                0x080001db   Thumb Code     0  _printf_u.o(.ARM.Collect$$_printf_percent$$0000000A)
    _printf_o                                0x080001e1   Thumb Code     0  _printf_o.o(.ARM.Collect$$_printf_percent$$0000000B)
    _printf_x                                0x080001e7   Thumb Code     0  _printf_x.o(.ARM.Collect$$_printf_percent$$0000000C)
    _printf_lli                              0x080001ed   Thumb Code     0  _printf_lli.o(.ARM.Collect$$_printf_percent$$0000000D)
    _printf_lld                              0x080001f3   Thumb Code     0  _printf_lld.o(.ARM.Collect$$_printf_percent$$0000000E)
    _printf_llu                              0x080001f9   Thumb Code     0  _printf_llu.o(.ARM.Collect$$_printf_percent$$0000000F)
    _printf_llo                              0x080001ff   Thumb Code     0  _printf_llo.o(.ARM.Collect$$_printf_percent$$00000010)
    _printf_llx                              0x08000205   Thumb Code     0  _printf_llx.o(.ARM.Collect$$_printf_percent$$00000011)
    _printf_l                                0x0800020b   Thumb Code     0  _printf_l.o(.ARM.Collect$$_printf_percent$$00000012)
    _printf_c                                0x08000215   Thumb Code     0  _printf_c.o(.ARM.Collect$$_printf_percent$$00000013)
    _printf_s                                0x0800021b   Thumb Code     0  _printf_s.o(.ARM.Collect$$_printf_percent$$00000014)
    _printf_lc                               0x08000221   Thumb Code     0  _printf_lc.o(.ARM.Collect$$_printf_percent$$00000015)
    _printf_ls                               0x08000227   Thumb Code     0  _printf_ls.o(.ARM.Collect$$_printf_percent$$00000016)
    _printf_percent_end                      0x0800022d   Thumb Code     0  _printf_percent_end.o(.ARM.Collect$$_printf_percent$$00000017)
    __rt_lib_init                            0x08000231   Thumb Code     0  libinit.o(.ARM.Collect$$libinit$$00000000)
    __rt_lib_init_fp_1                       0x08000233   Thumb Code     0  libinit2.o(.ARM.Collect$$libinit$$00000002)
    __rt_lib_init_heap_1                     0x08000233   Thumb Code     0  libinit2.o(.ARM.Collect$$libinit$$0000000A)
    __rt_lib_init_lc_common                  0x08000233   Thumb Code     0  libinit2.o(.ARM.Collect$$libinit$$0000000F)
    __rt_lib_init_preinit_1                  0x08000233   Thumb Code     0  libinit2.o(.ARM.Collect$$libinit$$00000004)
    __rt_lib_init_rand_1                     0x08000233   Thumb Code     0  libinit2.o(.ARM.Collect$$libinit$$0000000E)
    __rt_lib_init_user_alloc_1               0x08000233   Thumb Code     0  libinit2.o(.ARM.Collect$$libinit$$0000000C)
    __rt_lib_init_lc_collate_1               0x08000239   Thumb Code     0  libinit2.o(.ARM.Collect$$libinit$$00000011)
    __rt_lib_init_lc_ctype_2                 0x08000239   Thumb Code     0  libinit2.o(.ARM.Collect$$libinit$$00000012)
    __rt_lib_init_lc_ctype_1                 0x08000245   Thumb Code     0  libinit2.o(.ARM.Collect$$libinit$$00000013)
    __rt_lib_init_lc_monetary_1              0x08000245   Thumb Code     0  libinit2.o(.ARM.Collect$$libinit$$00000015)
    __rt_lib_init_lc_numeric_2               0x08000245   Thumb Code     0  libinit2.o(.ARM.Collect$$libinit$$00000016)
    __rt_lib_init_alloca_1                   0x0800024f   Thumb Code     0  libinit2.o(.ARM.Collect$$libinit$$0000002E)
    __rt_lib_init_argv_1                     0x0800024f   Thumb Code     0  libinit2.o(.ARM.Collect$$libinit$$0000002C)
    __rt_lib_init_atexit_1                   0x0800024f   Thumb Code     0  libinit2.o(.ARM.Collect$$libinit$$0000001B)
    __rt_lib_init_clock_1                    0x0800024f   Thumb Code     0  libinit2.o(.ARM.Collect$$libinit$$00000021)
    __rt_lib_init_cpp_1                      0x0800024f   Thumb Code     0  libinit2.o(.ARM.Collect$$libinit$$00000032)
    __rt_lib_init_exceptions_1               0x0800024f   Thumb Code     0  libinit2.o(.ARM.Collect$$libinit$$00000030)
    __rt_lib_init_fp_trap_1                  0x0800024f   Thumb Code     0  libinit2.o(.ARM.Collect$$libinit$$0000001F)
    __rt_lib_init_getenv_1                   0x0800024f   Thumb Code     0  libinit2.o(.ARM.Collect$$libinit$$00000023)
    __rt_lib_init_lc_numeric_1               0x0800024f   Thumb Code     0  libinit2.o(.ARM.Collect$$libinit$$00000017)
    __rt_lib_init_lc_time_1                  0x0800024f   Thumb Code     0  libinit2.o(.ARM.Collect$$libinit$$00000019)
    __rt_lib_init_return                     0x0800024f   Thumb Code     0  libinit2.o(.ARM.Collect$$libinit$$00000033)
    __rt_lib_init_signal_1                   0x0800024f   Thumb Code     0  libinit2.o(.ARM.Collect$$libinit$$0000001D)
    __rt_lib_init_stdio_1                    0x0800024f   Thumb Code     0  libinit2.o(.ARM.Collect$$libinit$$00000025)
    __rt_lib_shutdown                        0x08000251   Thumb Code     0  libshutdown.o(.ARM.Collect$$libshutdown$$00000000)
    __rt_lib_shutdown_cpp_1                  0x08000253   Thumb Code     0  libshutdown2.o(.ARM.Collect$$libshutdown$$00000002)
    __rt_lib_shutdown_fp_trap_1              0x08000253   Thumb Code     0  libshutdown2.o(.ARM.Collect$$libshutdown$$00000007)
    __rt_lib_shutdown_heap_1                 0x08000253   Thumb Code     0  libshutdown2.o(.ARM.Collect$$libshutdown$$0000000F)
    __rt_lib_shutdown_return                 0x08000253   Thumb Code     0  libshutdown2.o(.ARM.Collect$$libshutdown$$00000010)
    __rt_lib_shutdown_signal_1               0x08000253   Thumb Code     0  libshutdown2.o(.ARM.Collect$$libshutdown$$0000000A)
    __rt_lib_shutdown_stdio_1                0x08000253   Thumb Code     0  libshutdown2.o(.ARM.Collect$$libshutdown$$00000004)
    __rt_lib_shutdown_user_alloc_1           0x08000253   Thumb Code     0  libshutdown2.o(.ARM.Collect$$libshutdown$$0000000C)
    __rt_entry                               0x08000255   Thumb Code     0  __rtentry.o(.ARM.Collect$$rtentry$$00000000)
    __rt_entry_presh_1                       0x08000255   Thumb Code     0  __rtentry2.o(.ARM.Collect$$rtentry$$00000002)
    __rt_entry_sh                            0x08000255   Thumb Code     0  __rtentry4.o(.ARM.Collect$$rtentry$$00000004)
    __rt_entry_li                            0x0800025b   Thumb Code     0  __rtentry2.o(.ARM.Collect$$rtentry$$0000000A)
    __rt_entry_postsh_1                      0x0800025b   Thumb Code     0  __rtentry2.o(.ARM.Collect$$rtentry$$00000009)
    __rt_entry_main                          0x0800025f   Thumb Code     0  __rtentry2.o(.ARM.Collect$$rtentry$$0000000D)
    __rt_entry_postli_1                      0x0800025f   Thumb Code     0  __rtentry2.o(.ARM.Collect$$rtentry$$0000000C)
    __rt_exit                                0x08000267   Thumb Code     0  rtexit.o(.ARM.Collect$$rtexit$$00000000)
    __rt_exit_ls                             0x08000269   Thumb Code     0  rtexit2.o(.ARM.Collect$$rtexit$$00000003)
    __rt_exit_prels_1                        0x08000269   Thumb Code     0  rtexit2.o(.ARM.Collect$$rtexit$$00000002)
    __rt_exit_exit                           0x0800026d   Thumb Code     0  rtexit2.o(.ARM.Collect$$rtexit$$00000004)
    Reset_Handler                            0x08000275   Thumb Code     8  startup_stm32f10x_md.o(.text)
    ADC1_2_IRQHandler                        0x0800028f   Thumb Code     0  startup_stm32f10x_md.o(.text)
    CAN1_RX1_IRQHandler                      0x0800028f   Thumb Code     0  startup_stm32f10x_md.o(.text)
    CAN1_SCE_IRQHandler                      0x0800028f   Thumb Code     0  startup_stm32f10x_md.o(.text)
    DMA1_Channel1_IRQHandler                 0x0800028f   Thumb Code     0  startup_stm32f10x_md.o(.text)
    DMA1_Channel2_IRQHandler                 0x0800028f   Thumb Code     0  startup_stm32f10x_md.o(.text)
    DMA1_Channel3_IRQHandler                 0x0800028f   Thumb Code     0  startup_stm32f10x_md.o(.text)
    DMA1_Channel4_IRQHandler                 0x0800028f   Thumb Code     0  startup_stm32f10x_md.o(.text)
    DMA1_Channel5_IRQHandler                 0x0800028f   Thumb Code     0  startup_stm32f10x_md.o(.text)
    DMA1_Channel6_IRQHandler                 0x0800028f   Thumb Code     0  startup_stm32f10x_md.o(.text)
    DMA1_Channel7_IRQHandler                 0x0800028f   Thumb Code     0  startup_stm32f10x_md.o(.text)
    EXTI0_IRQHandler                         0x0800028f   Thumb Code     0  startup_stm32f10x_md.o(.text)
    EXTI2_IRQHandler                         0x0800028f   Thumb Code     0  startup_stm32f10x_md.o(.text)
    EXTI3_IRQHandler                         0x0800028f   Thumb Code     0  startup_stm32f10x_md.o(.text)
    EXTI4_IRQHandler                         0x0800028f   Thumb Code     0  startup_stm32f10x_md.o(.text)
    FLASH_IRQHandler                         0x0800028f   Thumb Code     0  startup_stm32f10x_md.o(.text)
    I2C1_ER_IRQHandler                       0x0800028f   Thumb Code     0  startup_stm32f10x_md.o(.text)
    I2C1_EV_IRQHandler                       0x0800028f   Thumb Code     0  startup_stm32f10x_md.o(.text)
    I2C2_ER_IRQHandler                       0x0800028f   Thumb Code     0  startup_stm32f10x_md.o(.text)
    I2C2_EV_IRQHandler                       0x0800028f   Thumb Code     0  startup_stm32f10x_md.o(.text)
    PVD_IRQHandler                           0x0800028f   Thumb Code     0  startup_stm32f10x_md.o(.text)
    RCC_IRQHandler                           0x0800028f   Thumb Code     0  startup_stm32f10x_md.o(.text)
    RTCAlarm_IRQHandler                      0x0800028f   Thumb Code     0  startup_stm32f10x_md.o(.text)
    RTC_IRQHandler                           0x0800028f   Thumb Code     0  startup_stm32f10x_md.o(.text)
    SPI1_IRQHandler                          0x0800028f   Thumb Code     0  startup_stm32f10x_md.o(.text)
    SPI2_IRQHandler                          0x0800028f   Thumb Code     0  startup_stm32f10x_md.o(.text)
    TAMPER_IRQHandler                        0x0800028f   Thumb Code     0  startup_stm32f10x_md.o(.text)
    TIM1_BRK_IRQHandler                      0x0800028f   Thumb Code     0  startup_stm32f10x_md.o(.text)
    TIM1_CC_IRQHandler                       0x0800028f   Thumb Code     0  startup_stm32f10x_md.o(.text)
    TIM1_TRG_COM_IRQHandler                  0x0800028f   Thumb Code     0  startup_stm32f10x_md.o(.text)
    TIM1_UP_IRQHandler                       0x0800028f   Thumb Code     0  startup_stm32f10x_md.o(.text)
    TIM3_IRQHandler                          0x0800028f   Thumb Code     0  startup_stm32f10x_md.o(.text)
    TIM4_IRQHandler                          0x0800028f   Thumb Code     0  startup_stm32f10x_md.o(.text)
    USART3_IRQHandler                        0x0800028f   Thumb Code     0  startup_stm32f10x_md.o(.text)
    USBWakeUp_IRQHandler                     0x0800028f   Thumb Code     0  startup_stm32f10x_md.o(.text)
    USB_HP_CAN1_TX_IRQHandler                0x0800028f   Thumb Code     0  startup_stm32f10x_md.o(.text)
    USB_LP_CAN1_RX0_IRQHandler               0x0800028f   Thumb Code     0  startup_stm32f10x_md.o(.text)
    WWDG_IRQHandler                          0x0800028f   Thumb Code     0  startup_stm32f10x_md.o(.text)
    __user_initial_stackheap                 0x08000291   Thumb Code     0  startup_stm32f10x_md.o(.text)
    vsprintf                                 0x080002b5   Thumb Code    32  vsprintf.o(.text)
    __2sprintf                               0x080002d9   Thumb Code    38  __2sprintf.o(.text)
    __printf                                 0x08000305   Thumb Code   388  __printf_flags_ss_wp.o(.text)
    __use_two_region_memory                  0x0800048d   Thumb Code     2  heapauxi.o(.text)
    __rt_heap_escrow$2region                 0x0800048f   Thumb Code     2  heapauxi.o(.text)
    __rt_heap_expand$2region                 0x08000491   Thumb Code     2  heapauxi.o(.text)
    _printf_pre_padding                      0x08000493   Thumb Code    44  _printf_pad.o(.text)
    _printf_post_padding                     0x080004bf   Thumb Code    34  _printf_pad.o(.text)
    _printf_truncate_signed                  0x080004e1   Thumb Code    18  _printf_truncate.o(.text)
    _printf_truncate_unsigned                0x080004f3   Thumb Code    18  _printf_truncate.o(.text)
    _printf_str                              0x08000505   Thumb Code    82  _printf_str.o(.text)
    _printf_int_dec                          0x08000559   Thumb Code   104  _printf_dec.o(.text)
    _printf_charcount                        0x080005d1   Thumb Code    40  _printf_charcount.o(.text)
    __lib_sel_fp_printf                      0x080005f9   Thumb Code     2  _printf_fp_dec.o(.text)
    _printf_fp_dec_real                      0x080007ab   Thumb Code   620  _printf_fp_dec.o(.text)
    _printf_char_common                      0x08000a23   Thumb Code    32  _printf_char_common.o(.text)
    _sputc                                   0x08000a49   Thumb Code    10  _sputc.o(.text)
    _printf_wctomb                           0x08000a55   Thumb Code   182  _printf_wctomb.o(.text)
    _printf_longlong_dec                     0x08000b11   Thumb Code   108  _printf_longlong_dec.o(.text)
    _printf_longlong_oct                     0x08000b8d   Thumb Code    66  _printf_oct_int_ll.o(.text)
    _printf_int_oct                          0x08000bcf   Thumb Code    24  _printf_oct_int_ll.o(.text)
    _printf_ll_oct                           0x08000be7   Thumb Code    12  _printf_oct_int_ll.o(.text)
    _printf_longlong_hex                     0x08000bfd   Thumb Code    86  _printf_hex_int_ll_ptr.o(.text)
    _printf_int_hex                          0x08000c53   Thumb Code    28  _printf_hex_int_ll_ptr.o(.text)
    _printf_ll_hex                           0x08000c6f   Thumb Code    12  _printf_hex_int_ll_ptr.o(.text)
    _printf_hex_ptr                          0x08000c7b   Thumb Code    18  _printf_hex_int_ll_ptr.o(.text)
    __rt_locale                              0x08000c91   Thumb Code     8  rt_locale_intlibspace.o(.text)
    _ll_udiv10                               0x08000c99   Thumb Code   138  lludiv10.o(.text)
    _printf_int_common                       0x08000d23   Thumb Code   178  _printf_intcommon.o(.text)
    _printf_fp_hex_real                      0x08000dd5   Thumb Code   756  _printf_fp_hex.o(.text)
    _printf_fp_infnan                        0x080010d1   Thumb Code   112  _printf_fp_infnan.o(.text)
    _printf_cs_common                        0x08001151   Thumb Code    20  _printf_char.o(.text)
    _printf_char                             0x08001165   Thumb Code    16  _printf_char.o(.text)
    _printf_string                           0x08001175   Thumb Code     8  _printf_char.o(.text)
    _printf_lcs_common                       0x0800117d   Thumb Code    20  _printf_wchar.o(.text)
    _printf_wchar                            0x08001191   Thumb Code    16  _printf_wchar.o(.text)
    _printf_wstring                          0x080011a1   Thumb Code     8  _printf_wchar.o(.text)
    _btod_etento                             0x080011a9   Thumb Code   224  bigflt0.o(.text)
    _wcrtomb                                 0x0800128d   Thumb Code    64  _wcrtomb.o(.text)
    __user_libspace                          0x080012cd   Thumb Code     8  libspace.o(.text)
    __user_perproc_libspace                  0x080012cd   Thumb Code     0  libspace.o(.text)
    __user_perthread_libspace                0x080012cd   Thumb Code     0  libspace.o(.text)
    __user_setup_stackheap                   0x080012d5   Thumb Code    74  sys_stackheap_outer.o(.text)
    __rt_ctype_table                         0x08001321   Thumb Code    16  rt_ctype_table.o(.text)
    exit                                     0x08001331   Thumb Code    18  exit.o(.text)
    strcmp                                   0x08001345   Thumb Code   128  strcmpv7m.o(.text)
    _sys_exit                                0x080013c5   Thumb Code     8  sys_exit.o(.text)
    __I$use$semihosting                      0x080013d1   Thumb Code     0  use_no_semi.o(.text)
    __use_no_semihosting_swi                 0x080013d1   Thumb Code     2  use_no_semi.o(.text)
    __semihosting_library_function           0x080013d3   Thumb Code     0  indicate_semi.o(.text)
    _btod_d2e                                0x080013d3   Thumb Code    62  btod.o(CL$$btod_d2e)
    _d2e_denorm_low                          0x08001411   Thumb Code    70  btod.o(CL$$btod_d2e_denorm_low)
    _d2e_norm_op1                            0x08001457   Thumb Code    96  btod.o(CL$$btod_d2e_norm_op1)
    __btod_div_common                        0x080014b7   Thumb Code   696  btod.o(CL$$btod_div_common)
    _e2e                                     0x080017ef   Thumb Code   220  btod.o(CL$$btod_e2e)
    _btod_ediv                               0x080018cb   Thumb Code    42  btod.o(CL$$btod_ediv)
    _btod_emul                               0x080018f5   Thumb Code    42  btod.o(CL$$btod_emul)
    __btod_mult_common                       0x0800191f   Thumb Code   580  btod.o(CL$$btod_mult_common)
    BusFault_Handler                         0x08001b63   Thumb Code     4  stm32f10x_it.o(i.BusFault_Handler)
    DebugMon_Handler                         0x08001b67   Thumb Code     2  stm32f10x_it.o(i.DebugMon_Handler)
    Delay_ms                                 0x08001b69   Thumb Code    24  delay.o(i.Delay_ms)
    Delay_us                                 0x08001b81   Thumb Code    46  delay.o(i.Delay_us)
    EXTI15_10_IRQHandler                     0x08001bb1   Thumb Code   112  sensor.o(i.EXTI15_10_IRQHandler)
    EXTI1_IRQHandler                         0x08001c31   Thumb Code    42  encoder.o(i.EXTI1_IRQHandler)
    EXTI9_5_IRQHandler                       0x08001c65   Thumb Code    42  encoder.o(i.EXTI9_5_IRQHandler)
    EXTI_ClearITPendingBit                   0x08001c99   Thumb Code     6  stm32f10x_exti.o(i.EXTI_ClearITPendingBit)
    EXTI_Init                                0x08001ca5   Thumb Code   142  stm32f10x_exti.o(i.EXTI_Init)
    Encoder_Init                             0x08001d39   Thumb Code   156  encoder.o(i.Encoder_Init)
    Encoder_Left_Get                         0x08001dd9   Thumb Code    14  encoder.o(i.Encoder_Left_Get)
    Encoder_Right_Get                        0x08001ded   Thumb Code    14  encoder.o(i.Encoder_Right_Get)
    GPIO_EXTILineConfig                      0x08001e01   Thumb Code    60  stm32f10x_gpio.o(i.GPIO_EXTILineConfig)
    GPIO_Init                                0x08001e41   Thumb Code   278  stm32f10x_gpio.o(i.GPIO_Init)
    GPIO_PinRemapConfig                      0x08001f59   Thumb Code   138  stm32f10x_gpio.o(i.GPIO_PinRemapConfig)
    GPIO_ReadInputDataBit                    0x08001fe9   Thumb Code    18  stm32f10x_gpio.o(i.GPIO_ReadInputDataBit)
    GPIO_ResetBits                           0x08001ffb   Thumb Code     4  stm32f10x_gpio.o(i.GPIO_ResetBits)
    GPIO_SetBits                             0x08001fff   Thumb Code     4  stm32f10x_gpio.o(i.GPIO_SetBits)
    GPIO_WriteBit                            0x08002003   Thumb Code    10  stm32f10x_gpio.o(i.GPIO_WriteBit)
    HardFault_Handler                        0x0800200d   Thumb Code     4  stm32f10x_it.o(i.HardFault_Handler)
    Key_Init                                 0x08002011   Thumb Code   146  key.o(i.Key_Init)
    Key_Scan                                 0x080020b1   Thumb Code   278  key.o(i.Key_Scan)
    LED1_OFF                                 0x080021d9   Thumb Code    14  led.o(i.LED1_OFF)
    LED1_ON                                  0x080021ed   Thumb Code    14  led.o(i.LED1_ON)
    LED_Init                                 0x08002201   Thumb Code    48  led.o(i.LED_Init)
    LPID_realize                             0x08002235   Thumb Code    80  rpm.o(i.LPID_realize)
    MemManage_Handler                        0x08002291   Thumb Code     4  stm32f10x_it.o(i.MemManage_Handler)
    Motor_Init                               0x08002295   Thumb Code    44  motor.o(i.Motor_Init)
    Motor_SetSpeed                           0x080022c5   Thumb Code   152  motor.o(i.Motor_SetSpeed)
    Motor_control_1                          0x08002361   Thumb Code   116  motor.o(i.Motor_control_1)
    Motor_control_2                          0x080023dd   Thumb Code   116  motor.o(i.Motor_control_2)
    Motor_control_3                          0x08002459   Thumb Code   284  motor.o(i.Motor_control_3)
    NMI_Handler                              0x08002585   Thumb Code     2  stm32f10x_it.o(i.NMI_Handler)
    NVIC_Init                                0x08002589   Thumb Code   100  misc.o(i.NVIC_Init)
    NVIC_PriorityGroupConfig                 0x080025f9   Thumb Code    10  misc.o(i.NVIC_PriorityGroupConfig)
    OLED_Clear                               0x0800260d   Thumb Code    42  oled.o(i.OLED_Clear)
    OLED_I2C_Init                            0x08002639   Thumb Code    72  oled.o(i.OLED_I2C_Init)
    OLED_I2C_SendByte                        0x08002685   Thumb Code    74  oled.o(i.OLED_I2C_SendByte)
    OLED_I2C_Start                           0x080026d5   Thumb Code    44  oled.o(i.OLED_I2C_Start)
    OLED_I2C_Stop                            0x08002705   Thumb Code    34  oled.o(i.OLED_I2C_Stop)
    OLED_Init                                0x0800272d   Thumb Code   174  oled.o(i.OLED_Init)
    OLED_Pow                                 0x080027db   Thumb Code    20  oled.o(i.OLED_Pow)
    OLED_SetCursor                           0x080027ef   Thumb Code    34  oled.o(i.OLED_SetCursor)
    OLED_ShowChar                            0x08002811   Thumb Code   110  oled.o(i.OLED_ShowChar)
    OLED_ShowFNum                            0x08002885   Thumb Code    50  oled.o(i.OLED_ShowFNum)
    OLED_ShowNum                             0x080028c5   Thumb Code    68  oled.o(i.OLED_ShowNum)
    OLED_ShowSignedNum                       0x08002909   Thumb Code   102  oled.o(i.OLED_ShowSignedNum)
    OLED_ShowString                          0x0800296f   Thumb Code    40  oled.o(i.OLED_ShowString)
    OLED_WriteCommand                        0x08002997   Thumb Code    32  oled.o(i.OLED_WriteCommand)
    OLED_WriteData                           0x080029b7   Thumb Code    32  oled.o(i.OLED_WriteData)
    PWM_Init                                 0x080029d9   Thumb Code   206  pwm.o(i.PWM_Init)
    PWM_SetCompare1                          0x08002ab5   Thumb Code    14  pwm.o(i.PWM_SetCompare1)
    PWM_SetCompare4                          0x08002ac9   Thumb Code    14  pwm.o(i.PWM_SetCompare4)
    PendSV_Handler                           0x08002add   Thumb Code     2  stm32f10x_it.o(i.PendSV_Handler)
    Position_PID                             0x08002ae1   Thumb Code   120  motor.o(i.Position_PID)
    RCC_APB1PeriphClockCmd                   0x08002b75   Thumb Code    26  stm32f10x_rcc.o(i.RCC_APB1PeriphClockCmd)
    RCC_APB2PeriphClockCmd                   0x08002b95   Thumb Code    26  stm32f10x_rcc.o(i.RCC_APB2PeriphClockCmd)
    RCC_GetClocksFreq                        0x08002bb5   Thumb Code   192  stm32f10x_rcc.o(i.RCC_GetClocksFreq)
    RPID_realize                             0x08002c89   Thumb Code    80  rpm.o(i.RPID_realize)
    SVC_Handler                              0x08002ce5   Thumb Code     2  stm32f10x_it.o(i.SVC_Handler)
    Serial_Printf                            0x08002ce7   Thumb Code    36  serial.o(i.Serial_Printf)
    Serial_SendByte                          0x08002d0d   Thumb Code    28  serial.o(i.Serial_SendByte)
    Serial_SendString                        0x08002d2d   Thumb Code    26  serial.o(i.Serial_SendString)
    SysTick_Handler                          0x08002e31   Thumb Code     2  stm32f10x_it.o(i.SysTick_Handler)
    SystemInit                               0x08002e35   Thumb Code    78  system_stm32f10x.o(i.SystemInit)
    TIM2_IRQHandler                          0x08002e95   Thumb Code   146  main.o(i.TIM2_IRQHandler)
    TIM2_Init                                0x08002f35   Thumb Code   126  time_interrupt.o(i.TIM2_Init)
    TIM_ARRPreloadConfig                     0x08002fb3   Thumb Code    24  stm32f10x_tim.o(i.TIM_ARRPreloadConfig)
    TIM_ClearFlag                            0x08002fcb   Thumb Code     6  stm32f10x_tim.o(i.TIM_ClearFlag)
    TIM_ClearITPendingBit                    0x08002fd1   Thumb Code     6  stm32f10x_tim.o(i.TIM_ClearITPendingBit)
    TIM_Cmd                                  0x08002fd7   Thumb Code    24  stm32f10x_tim.o(i.TIM_Cmd)
    TIM_CtrlPWMOutputs                       0x08002fef   Thumb Code    30  stm32f10x_tim.o(i.TIM_CtrlPWMOutputs)
    TIM_GetITStatus                          0x0800300d   Thumb Code    34  stm32f10x_tim.o(i.TIM_GetITStatus)
    TIM_ITConfig                             0x0800302f   Thumb Code    18  stm32f10x_tim.o(i.TIM_ITConfig)
    TIM_InternalClockConfig                  0x08003041   Thumb Code    12  stm32f10x_tim.o(i.TIM_InternalClockConfig)
    TIM_OC1Init                              0x0800304d   Thumb Code   132  stm32f10x_tim.o(i.TIM_OC1Init)
    TIM_OC1PreloadConfig                     0x080030e5   Thumb Code    18  stm32f10x_tim.o(i.TIM_OC1PreloadConfig)
    TIM_OC4Init                              0x080030f9   Thumb Code   114  stm32f10x_tim.o(i.TIM_OC4Init)
    TIM_OC4PreloadConfig                     0x08003175   Thumb Code    26  stm32f10x_tim.o(i.TIM_OC4PreloadConfig)
    TIM_SetCompare1                          0x0800318f   Thumb Code     4  stm32f10x_tim.o(i.TIM_SetCompare1)
    TIM_SetCompare4                          0x08003193   Thumb Code     6  stm32f10x_tim.o(i.TIM_SetCompare4)
    TIM_TimeBaseInit                         0x08003199   Thumb Code   122  stm32f10x_tim.o(i.TIM_TimeBaseInit)
    USART1_IRQHandler                        0x0800323d   Thumb Code    44  serial.o(i.USART1_IRQHandler)
    USART1_Init                              0x08003275   Thumb Code   152  serial.o(i.USART1_Init)
    USART2_IRQHandler                        0x08003315   Thumb Code   496  openmv.o(i.USART2_IRQHandler)
    USART2_Init                              0x08003531   Thumb Code   126  openmv.o(i.USART2_Init)
    USART_ClearITPendingBit                  0x080035b9   Thumb Code    30  stm32f10x_usart.o(i.USART_ClearITPendingBit)
    USART_Cmd                                0x080035d7   Thumb Code    24  stm32f10x_usart.o(i.USART_Cmd)
    USART_GetFlagStatus                      0x080035ef   Thumb Code    26  stm32f10x_usart.o(i.USART_GetFlagStatus)
    USART_GetITStatus                        0x08003609   Thumb Code    84  stm32f10x_usart.o(i.USART_GetITStatus)
    USART_ITConfig                           0x0800365d   Thumb Code    74  stm32f10x_usart.o(i.USART_ITConfig)
    USART_Init                               0x080036a9   Thumb Code   210  stm32f10x_usart.o(i.USART_Init)
    USART_ReceiveData                        0x08003781   Thumb Code    10  stm32f10x_usart.o(i.USART_ReceiveData)
    USART_SendData                           0x0800378b   Thumb Code     8  stm32f10x_usart.o(i.USART_SendData)
    UsageFault_Handler                       0x08003793   Thumb Code     4  stm32f10x_it.o(i.UsageFault_Handler)
    __ARM_fpclassify                         0x08003797   Thumb Code    40  fpclassify.o(i.__ARM_fpclassify)
    _is_digit                                0x080037bf   Thumb Code    14  __printf_wp.o(i._is_digit)
    go_line                                  0x080037cd   Thumb Code   234  main.o(i.go_line)
    main                                     0x080038dd   Thumb Code   114  main.o(i.main)
    sensor_Init                              0x08003961   Thumb Code   128  sensor.o(i.sensor_Init)
    _get_lc_numeric                          0x080039e5   Thumb Code    44  lc_numeric_c.o(locale$$code)
    _get_lc_ctype                            0x08003a11   Thumb Code    44  lc_ctype_c.o(locale$$code)
    __fpl_dretinf                            0x08003a3d   Thumb Code    12  dretinf.o(x$fpl$dretinf)
    __aeabi_f2d                              0x08003a49   Thumb Code     0  f2d.o(x$fpl$f2d)
    _f2d                                     0x08003a49   Thumb Code    86  f2d.o(x$fpl$f2d)
    __aeabi_fadd                             0x08003aa1   Thumb Code     0  faddsub_clz.o(x$fpl$fadd)
    _fadd                                    0x08003aa1   Thumb Code   196  faddsub_clz.o(x$fpl$fadd)
    __fpl_fcmp_Inf                           0x08003b65   Thumb Code    24  fcmpi.o(x$fpl$fcmpinf)
    __aeabi_f2uiz                            0x08003b7d   Thumb Code     0  ffixu.o(x$fpl$ffixu)
    _ffixu                                   0x08003b7d   Thumb Code    62  ffixu.o(x$fpl$ffixu)
    __aeabi_i2f                              0x08003bbd   Thumb Code     0  fflt_clz.o(x$fpl$fflt)
    _fflt                                    0x08003bbd   Thumb Code    48  fflt_clz.o(x$fpl$fflt)
    __aeabi_cfcmple                          0x08003bed   Thumb Code     0  fleqf.o(x$fpl$fleqf)
    _fcmple                                  0x08003bed   Thumb Code   104  fleqf.o(x$fpl$fleqf)
    __fpl_fcmple_InfNaN                      0x08003c3f   Thumb Code     0  fleqf.o(x$fpl$fleqf)
    __aeabi_fmul                             0x08003c55   Thumb Code     0  fmul.o(x$fpl$fmul)
    _fmul                                    0x08003c55   Thumb Code   258  fmul.o(x$fpl$fmul)
    __fpl_fnaninf                            0x08003d57   Thumb Code   140  fnaninf.o(x$fpl$fnaninf)
    __fpl_fretinf                            0x08003de3   Thumb Code    10  fretinf.o(x$fpl$fretinf)
    __aeabi_cfrcmple                         0x08003ded   Thumb Code     0  frleqf.o(x$fpl$frleqf)
    _frcmple                                 0x08003ded   Thumb Code    98  frleqf.o(x$fpl$frleqf)
    __aeabi_frsub                            0x08003e4f   Thumb Code     0  faddsub_clz.o(x$fpl$frsb)
    _frsb                                    0x08003e4f   Thumb Code    20  faddsub_clz.o(x$fpl$frsb)
    __aeabi_fsub                             0x08003e65   Thumb Code     0  faddsub_clz.o(x$fpl$fsub)
    _fsub                                    0x08003e65   Thumb Code   234  faddsub_clz.o(x$fpl$fsub)
    _printf_fp_dec                           0x08003f4f   Thumb Code     4  printf1.o(x$fpl$printf1)
    _printf_fp_hex                           0x08003f53   Thumb Code     4  printf2.o(x$fpl$printf2)
    OLED_F8x16                               0x08003f56   Data        1520  oled.o(.constdata)
    __I$use$fp                               0x08003f56   Number         0  usenofp.o(x$fpl$usenofp)
    Region$$Table$$Base                      0x08004644   Number         0  anon$$obj.o(Region$$Table)
    Region$$Table$$Limit                     0x08004664   Number         0  anon$$obj.o(Region$$Table)
    __ctype                                  0x0800468d   Data           0  lc_ctype_c.o(locale$$data)
    key_mode                                 0x20000020   Data           1  key.o(.data)
    mode_flag                                0x20000021   Data           1  key.o(.data)
    x10_flag                                 0x20000022   Data           1  key.o(.data)
    speed                                    0x20000030   Data           4  motor.o(.data)
    Integral_bias                            0x20000034   Data           4  motor.o(.data)
    last_error                               0x20000038   Data           4  motor.o(.data)
    Count_L                                  0x2000003c   Data           2  encoder.o(.data)
    Count_R                                  0x2000003e   Data           2  encoder.o(.data)
    Encoder_Left_Count                       0x20000040   Data           2  encoder.o(.data)
    Encoder_Right_Count                      0x20000042   Data           2  encoder.o(.data)
    theta_temp                               0x20000044   Data           1  openmv.o(.data)
    distance_temp                            0x20000045   Data           1  openmv.o(.data)
    theta                                    0x20000048   Data           4  openmv.o(.data)
    distance                                 0x2000004c   Data           4  openmv.o(.data)
    flag                                     0x20000050   Data           4  openmv.o(.data)
    flag_total                               0x20000054   Data           4  openmv.o(.data)
    Encoder_num                              0x20000090   Data           4  rpm.o(.data)
    rad                                      0x20000094   Data           4  rpm.o(.data)
    speed_L                                  0x20000098   Data           4  rpm.o(.data)
    speed_R                                  0x2000009c   Data           4  rpm.o(.data)
    dead_zone_p                              0x200000a0   Data           4  rpm.o(.data)
    dead_zone_m                              0x200000a4   Data           4  rpm.o(.data)
    wheel_length                             0x200000a8   Data           4  rpm.o(.data)
    inter_time                               0x200000ac   Data           4  rpm.o(.data)
    Serial_RxData                            0x200000b0   Data           1  serial.o(.data)
    Serial_RxFlag                            0x200000b1   Data           1  serial.o(.data)
    sensor_flag                              0x200000e8   Data           1  sensor.o(.data)
    sensor_flag_last                         0x200000e9   Data           1  sensor.o(.data)
    flag_time                                0x200000ec   Data           4  sensor.o(.data)
    target_speed                             0x20000124   Data           4  main.o(.data)
    target_L                                 0x20000128   Data           4  main.o(.data)
    target_R                                 0x2000012c   Data           4  main.o(.data)
    angle                                    0x20000130   Data           4  main.o(.data)
    ENABLE_flag                              0x20000134   Data           4  main.o(.data)
    key_flag                                 0x20000138   Data           1  main.o(.data)
    test_num                                 0x2000013c   Data           4  main.o(.data)
    test_flag                                0x20000140   Data           4  main.o(.data)
    circle                                   0x20000144   Data           4  main.o(.data)
    __libspace_start                         0x2000015c   Data          96  libspace.o(.bss)
    __temporary_stack_top$libspace           0x200001bc   Data           0  libspace.o(.bss)



==============================================================================

Memory Map of the image

  Image Entry point : 0x080000ed

  Load Region LR_IROM1 (Base: 0x08000000, Size: 0x000048d8, Max: 0x00010000, ABSOLUTE, COMPRESSED[0x000047dc])

    Execution Region ER_IROM1 (Exec base: 0x08000000, Load base: 0x08000000, Size: 0x00004790, Max: 0x00010000, ABSOLUTE)

    Exec Addr    Load Addr    Size         Type   Attr      Idx    E Section Name        Object

    0x08000000   0x08000000   0x000000ec   Data   RO            3    RESET               startup_stm32f10x_md.o
    0x080000ec   0x080000ec   0x00000008   Code   RO         3941  * !!!main             c_w.l(__main.o)
    0x080000f4   0x080000f4   0x00000034   Code   RO         4282    !!!scatter          c_w.l(__scatter.o)
    0x08000128   0x08000128   0x0000005a   Code   RO         4280    !!dczerorl2         c_w.l(__dczerorl2.o)
    0x08000182   0x08000182   0x00000002   PAD
    0x08000184   0x08000184   0x0000001c   Code   RO         4284    !!handler_zi        c_w.l(__scatter_zi.o)
    0x080001a0   0x080001a0   0x00000000   Code   RO         3938    .ARM.Collect$$_printf_percent$$00000000  c_w.l(_printf_percent.o)
    0x080001a0   0x080001a0   0x00000006   Code   RO         4028    .ARM.Collect$$_printf_percent$$00000001  c_w.l(_printf_n.o)
    0x080001a6   0x080001a6   0x00000006   Code   RO         4030    .ARM.Collect$$_printf_percent$$00000002  c_w.l(_printf_p.o)
    0x080001ac   0x080001ac   0x00000006   Code   RO         3937    .ARM.Collect$$_printf_percent$$00000003  c_w.l(_printf_f.o)
    0x080001b2   0x080001b2   0x00000006   Code   RO         4035    .ARM.Collect$$_printf_percent$$00000004  c_w.l(_printf_e.o)
    0x080001b8   0x080001b8   0x00000006   Code   RO         4036    .ARM.Collect$$_printf_percent$$00000005  c_w.l(_printf_g.o)
    0x080001be   0x080001be   0x00000006   Code   RO         4037    .ARM.Collect$$_printf_percent$$00000006  c_w.l(_printf_a.o)
    0x080001c4   0x080001c4   0x0000000a   Code   RO         4042    .ARM.Collect$$_printf_percent$$00000007  c_w.l(_printf_ll.o)
    0x080001ce   0x080001ce   0x00000006   Code   RO         4032    .ARM.Collect$$_printf_percent$$00000008  c_w.l(_printf_i.o)
    0x080001d4   0x080001d4   0x00000006   Code   RO         4033    .ARM.Collect$$_printf_percent$$00000009  c_w.l(_printf_d.o)
    0x080001da   0x080001da   0x00000006   Code   RO         4034    .ARM.Collect$$_printf_percent$$0000000A  c_w.l(_printf_u.o)
    0x080001e0   0x080001e0   0x00000006   Code   RO         4031    .ARM.Collect$$_printf_percent$$0000000B  c_w.l(_printf_o.o)
    0x080001e6   0x080001e6   0x00000006   Code   RO         4029    .ARM.Collect$$_printf_percent$$0000000C  c_w.l(_printf_x.o)
    0x080001ec   0x080001ec   0x00000006   Code   RO         4039    .ARM.Collect$$_printf_percent$$0000000D  c_w.l(_printf_lli.o)
    0x080001f2   0x080001f2   0x00000006   Code   RO         4040    .ARM.Collect$$_printf_percent$$0000000E  c_w.l(_printf_lld.o)
    0x080001f8   0x080001f8   0x00000006   Code   RO         4041    .ARM.Collect$$_printf_percent$$0000000F  c_w.l(_printf_llu.o)
    0x080001fe   0x080001fe   0x00000006   Code   RO         4046    .ARM.Collect$$_printf_percent$$00000010  c_w.l(_printf_llo.o)
    0x08000204   0x08000204   0x00000006   Code   RO         4047    .ARM.Collect$$_printf_percent$$00000011  c_w.l(_printf_llx.o)
    0x0800020a   0x0800020a   0x0000000a   Code   RO         4043    .ARM.Collect$$_printf_percent$$00000012  c_w.l(_printf_l.o)
    0x08000214   0x08000214   0x00000006   Code   RO         4026    .ARM.Collect$$_printf_percent$$00000013  c_w.l(_printf_c.o)
    0x0800021a   0x0800021a   0x00000006   Code   RO         4027    .ARM.Collect$$_printf_percent$$00000014  c_w.l(_printf_s.o)
    0x08000220   0x08000220   0x00000006   Code   RO         4044    .ARM.Collect$$_printf_percent$$00000015  c_w.l(_printf_lc.o)
    0x08000226   0x08000226   0x00000006   Code   RO         4045    .ARM.Collect$$_printf_percent$$00000016  c_w.l(_printf_ls.o)
    0x0800022c   0x0800022c   0x00000004   Code   RO         4038    .ARM.Collect$$_printf_percent$$00000017  c_w.l(_printf_percent_end.o)
    0x08000230   0x08000230   0x00000002   Code   RO         4150    .ARM.Collect$$libinit$$00000000  c_w.l(libinit.o)
    0x08000232   0x08000232   0x00000000   Code   RO         4152    .ARM.Collect$$libinit$$00000002  c_w.l(libinit2.o)
    0x08000232   0x08000232   0x00000000   Code   RO         4154    .ARM.Collect$$libinit$$00000004  c_w.l(libinit2.o)
    0x08000232   0x08000232   0x00000000   Code   RO         4157    .ARM.Collect$$libinit$$0000000A  c_w.l(libinit2.o)
    0x08000232   0x08000232   0x00000000   Code   RO         4159    .ARM.Collect$$libinit$$0000000C  c_w.l(libinit2.o)
    0x08000232   0x08000232   0x00000000   Code   RO         4161    .ARM.Collect$$libinit$$0000000E  c_w.l(libinit2.o)
    0x08000232   0x08000232   0x00000006   Code   RO         4162    .ARM.Collect$$libinit$$0000000F  c_w.l(libinit2.o)
    0x08000238   0x08000238   0x00000000   Code   RO         4164    .ARM.Collect$$libinit$$00000011  c_w.l(libinit2.o)
    0x08000238   0x08000238   0x0000000c   Code   RO         4165    .ARM.Collect$$libinit$$00000012  c_w.l(libinit2.o)
    0x08000244   0x08000244   0x00000000   Code   RO         4166    .ARM.Collect$$libinit$$00000013  c_w.l(libinit2.o)
    0x08000244   0x08000244   0x00000000   Code   RO         4168    .ARM.Collect$$libinit$$00000015  c_w.l(libinit2.o)
    0x08000244   0x08000244   0x0000000a   Code   RO         4169    .ARM.Collect$$libinit$$00000016  c_w.l(libinit2.o)
    0x0800024e   0x0800024e   0x00000000   Code   RO         4170    .ARM.Collect$$libinit$$00000017  c_w.l(libinit2.o)
    0x0800024e   0x0800024e   0x00000000   Code   RO         4172    .ARM.Collect$$libinit$$00000019  c_w.l(libinit2.o)
    0x0800024e   0x0800024e   0x00000000   Code   RO         4174    .ARM.Collect$$libinit$$0000001B  c_w.l(libinit2.o)
    0x0800024e   0x0800024e   0x00000000   Code   RO         4176    .ARM.Collect$$libinit$$0000001D  c_w.l(libinit2.o)
    0x0800024e   0x0800024e   0x00000000   Code   RO         4178    .ARM.Collect$$libinit$$0000001F  c_w.l(libinit2.o)
    0x0800024e   0x0800024e   0x00000000   Code   RO         4180    .ARM.Collect$$libinit$$00000021  c_w.l(libinit2.o)
    0x0800024e   0x0800024e   0x00000000   Code   RO         4182    .ARM.Collect$$libinit$$00000023  c_w.l(libinit2.o)
    0x0800024e   0x0800024e   0x00000000   Code   RO         4184    .ARM.Collect$$libinit$$00000025  c_w.l(libinit2.o)
    0x0800024e   0x0800024e   0x00000000   Code   RO         4188    .ARM.Collect$$libinit$$0000002C  c_w.l(libinit2.o)
    0x0800024e   0x0800024e   0x00000000   Code   RO         4190    .ARM.Collect$$libinit$$0000002E  c_w.l(libinit2.o)
    0x0800024e   0x0800024e   0x00000000   Code   RO         4192    .ARM.Collect$$libinit$$00000030  c_w.l(libinit2.o)
    0x0800024e   0x0800024e   0x00000000   Code   RO         4194    .ARM.Collect$$libinit$$00000032  c_w.l(libinit2.o)
    0x0800024e   0x0800024e   0x00000002   Code   RO         4195    .ARM.Collect$$libinit$$00000033  c_w.l(libinit2.o)
    0x08000250   0x08000250   0x00000002   Code   RO         4228    .ARM.Collect$$libshutdown$$00000000  c_w.l(libshutdown.o)
    0x08000252   0x08000252   0x00000000   Code   RO         4239    .ARM.Collect$$libshutdown$$00000002  c_w.l(libshutdown2.o)
    0x08000252   0x08000252   0x00000000   Code   RO         4241    .ARM.Collect$$libshutdown$$00000004  c_w.l(libshutdown2.o)
    0x08000252   0x08000252   0x00000000   Code   RO         4244    .ARM.Collect$$libshutdown$$00000007  c_w.l(libshutdown2.o)
    0x08000252   0x08000252   0x00000000   Code   RO         4247    .ARM.Collect$$libshutdown$$0000000A  c_w.l(libshutdown2.o)
    0x08000252   0x08000252   0x00000000   Code   RO         4249    .ARM.Collect$$libshutdown$$0000000C  c_w.l(libshutdown2.o)
    0x08000252   0x08000252   0x00000000   Code   RO         4252    .ARM.Collect$$libshutdown$$0000000F  c_w.l(libshutdown2.o)
    0x08000252   0x08000252   0x00000002   Code   RO         4253    .ARM.Collect$$libshutdown$$00000010  c_w.l(libshutdown2.o)
    0x08000254   0x08000254   0x00000000   Code   RO         3977    .ARM.Collect$$rtentry$$00000000  c_w.l(__rtentry.o)
    0x08000254   0x08000254   0x00000000   Code   RO         4066    .ARM.Collect$$rtentry$$00000002  c_w.l(__rtentry2.o)
    0x08000254   0x08000254   0x00000006   Code   RO         4078    .ARM.Collect$$rtentry$$00000004  c_w.l(__rtentry4.o)
    0x0800025a   0x0800025a   0x00000000   Code   RO         4068    .ARM.Collect$$rtentry$$00000009  c_w.l(__rtentry2.o)
    0x0800025a   0x0800025a   0x00000004   Code   RO         4069    .ARM.Collect$$rtentry$$0000000A  c_w.l(__rtentry2.o)
    0x0800025e   0x0800025e   0x00000000   Code   RO         4071    .ARM.Collect$$rtentry$$0000000C  c_w.l(__rtentry2.o)
    0x0800025e   0x0800025e   0x00000008   Code   RO         4072    .ARM.Collect$$rtentry$$0000000D  c_w.l(__rtentry2.o)
    0x08000266   0x08000266   0x00000002   Code   RO         4196    .ARM.Collect$$rtexit$$00000000  c_w.l(rtexit.o)
    0x08000268   0x08000268   0x00000000   Code   RO         4206    .ARM.Collect$$rtexit$$00000002  c_w.l(rtexit2.o)
    0x08000268   0x08000268   0x00000004   Code   RO         4207    .ARM.Collect$$rtexit$$00000003  c_w.l(rtexit2.o)
    0x0800026c   0x0800026c   0x00000006   Code   RO         4208    .ARM.Collect$$rtexit$$00000004  c_w.l(rtexit2.o)
    0x08000272   0x08000272   0x00000002   PAD
    0x08000274   0x08000274   0x00000040   Code   RO            4    .text               startup_stm32f10x_md.o
    0x080002b4   0x080002b4   0x00000024   Code   RO         3909    .text               c_w.l(vsprintf.o)
    0x080002d8   0x080002d8   0x0000002c   Code   RO         3911    .text               c_w.l(__2sprintf.o)
    0x08000304   0x08000304   0x00000188   Code   RO         3934    .text               c_w.l(__printf_flags_ss_wp.o)
    0x0800048c   0x0800048c   0x00000006   Code   RO         3939    .text               c_w.l(heapauxi.o)
    0x08000492   0x08000492   0x0000004e   Code   RO         3978    .text               c_w.l(_printf_pad.o)
    0x080004e0   0x080004e0   0x00000024   Code   RO         3980    .text               c_w.l(_printf_truncate.o)
    0x08000504   0x08000504   0x00000052   Code   RO         3982    .text               c_w.l(_printf_str.o)
    0x08000556   0x08000556   0x00000002   PAD
    0x08000558   0x08000558   0x00000078   Code   RO         3984    .text               c_w.l(_printf_dec.o)
    0x080005d0   0x080005d0   0x00000028   Code   RO         3986    .text               c_w.l(_printf_charcount.o)
    0x080005f8   0x080005f8   0x0000041e   Code   RO         3988    .text               c_w.l(_printf_fp_dec.o)
    0x08000a16   0x08000a16   0x00000002   PAD
    0x08000a18   0x08000a18   0x00000030   Code   RO         3990    .text               c_w.l(_printf_char_common.o)
    0x08000a48   0x08000a48   0x0000000a   Code   RO         3992    .text               c_w.l(_sputc.o)
    0x08000a52   0x08000a52   0x00000002   PAD
    0x08000a54   0x08000a54   0x000000bc   Code   RO         3994    .text               c_w.l(_printf_wctomb.o)
    0x08000b10   0x08000b10   0x0000007c   Code   RO         3997    .text               c_w.l(_printf_longlong_dec.o)
    0x08000b8c   0x08000b8c   0x00000070   Code   RO         4003    .text               c_w.l(_printf_oct_int_ll.o)
    0x08000bfc   0x08000bfc   0x00000094   Code   RO         4023    .text               c_w.l(_printf_hex_int_ll_ptr.o)
    0x08000c90   0x08000c90   0x00000008   Code   RO         4083    .text               c_w.l(rt_locale_intlibspace.o)
    0x08000c98   0x08000c98   0x0000008a   Code   RO         4085    .text               c_w.l(lludiv10.o)
    0x08000d22   0x08000d22   0x000000b2   Code   RO         4087    .text               c_w.l(_printf_intcommon.o)
    0x08000dd4   0x08000dd4   0x000002fc   Code   RO         4089    .text               c_w.l(_printf_fp_hex.o)
    0x080010d0   0x080010d0   0x00000080   Code   RO         4092    .text               c_w.l(_printf_fp_infnan.o)
    0x08001150   0x08001150   0x0000002c   Code   RO         4096    .text               c_w.l(_printf_char.o)
    0x0800117c   0x0800117c   0x0000002c   Code   RO         4098    .text               c_w.l(_printf_wchar.o)
    0x080011a8   0x080011a8   0x000000e4   Code   RO         4100    .text               c_w.l(bigflt0.o)
    0x0800128c   0x0800128c   0x00000040   Code   RO         4125    .text               c_w.l(_wcrtomb.o)
    0x080012cc   0x080012cc   0x00000008   Code   RO         4134    .text               c_w.l(libspace.o)
    0x080012d4   0x080012d4   0x0000004a   Code   RO         4137    .text               c_w.l(sys_stackheap_outer.o)
    0x0800131e   0x0800131e   0x00000002   PAD
    0x08001320   0x08001320   0x00000010   Code   RO         4139    .text               c_w.l(rt_ctype_table.o)
    0x08001330   0x08001330   0x00000012   Code   RO         4141    .text               c_w.l(exit.o)
    0x08001342   0x08001342   0x00000002   PAD
    0x08001344   0x08001344   0x00000080   Code   RO         4143    .text               c_w.l(strcmpv7m.o)
    0x080013c4   0x080013c4   0x0000000c   Code   RO         4218    .text               c_w.l(sys_exit.o)
    0x080013d0   0x080013d0   0x00000002   Code   RO         4229    .text               c_w.l(use_no_semi.o)
    0x080013d2   0x080013d2   0x00000000   Code   RO         4231    .text               c_w.l(indicate_semi.o)
    0x080013d2   0x080013d2   0x0000003e   Code   RO         4103    CL$$btod_d2e        c_w.l(btod.o)
    0x08001410   0x08001410   0x00000046   Code   RO         4105    CL$$btod_d2e_denorm_low  c_w.l(btod.o)
    0x08001456   0x08001456   0x00000060   Code   RO         4104    CL$$btod_d2e_norm_op1  c_w.l(btod.o)
    0x080014b6   0x080014b6   0x00000338   Code   RO         4113    CL$$btod_div_common  c_w.l(btod.o)
    0x080017ee   0x080017ee   0x000000dc   Code   RO         4110    CL$$btod_e2e        c_w.l(btod.o)
    0x080018ca   0x080018ca   0x0000002a   Code   RO         4107    CL$$btod_ediv       c_w.l(btod.o)
    0x080018f4   0x080018f4   0x0000002a   Code   RO         4106    CL$$btod_emul       c_w.l(btod.o)
    0x0800191e   0x0800191e   0x00000244   Code   RO         4112    CL$$btod_mult_common  c_w.l(btod.o)
    0x08001b62   0x08001b62   0x00000004   Code   RO         3844    i.BusFault_Handler  stm32f10x_it.o
    0x08001b66   0x08001b66   0x00000002   Code   RO         3845    i.DebugMon_Handler  stm32f10x_it.o
    0x08001b68   0x08001b68   0x00000018   Code   RO         3196    i.Delay_ms          delay.o
    0x08001b80   0x08001b80   0x0000002e   Code   RO         3198    i.Delay_us          delay.o
    0x08001bae   0x08001bae   0x00000002   PAD
    0x08001bb0   0x08001bb0   0x00000080   Code   RO         3771    i.EXTI15_10_IRQHandler  sensor.o
    0x08001c30   0x08001c30   0x00000034   Code   RO         3559    i.EXTI1_IRQHandler  encoder.o
    0x08001c64   0x08001c64   0x00000034   Code   RO         3560    i.EXTI9_5_IRQHandler  encoder.o
    0x08001c98   0x08001c98   0x0000000c   Code   RO          985    i.EXTI_ClearITPendingBit  stm32f10x_exti.o
    0x08001ca4   0x08001ca4   0x00000094   Code   RO          990    i.EXTI_Init         stm32f10x_exti.o
    0x08001d38   0x08001d38   0x000000a0   Code   RO         3561    i.Encoder_Init      encoder.o
    0x08001dd8   0x08001dd8   0x00000014   Code   RO         3562    i.Encoder_Left_Get  encoder.o
    0x08001dec   0x08001dec   0x00000014   Code   RO         3563    i.Encoder_Right_Get  encoder.o
    0x08001e00   0x08001e00   0x00000040   Code   RO         1344    i.GPIO_EXTILineConfig  stm32f10x_gpio.o
    0x08001e40   0x08001e40   0x00000116   Code   RO         1347    i.GPIO_Init         stm32f10x_gpio.o
    0x08001f56   0x08001f56   0x00000002   PAD
    0x08001f58   0x08001f58   0x00000090   Code   RO         1349    i.GPIO_PinRemapConfig  stm32f10x_gpio.o
    0x08001fe8   0x08001fe8   0x00000012   Code   RO         1351    i.GPIO_ReadInputDataBit  stm32f10x_gpio.o
    0x08001ffa   0x08001ffa   0x00000004   Code   RO         1354    i.GPIO_ResetBits    stm32f10x_gpio.o
    0x08001ffe   0x08001ffe   0x00000004   Code   RO         1355    i.GPIO_SetBits      stm32f10x_gpio.o
    0x08002002   0x08002002   0x0000000a   Code   RO         1358    i.GPIO_WriteBit     stm32f10x_gpio.o
    0x0800200c   0x0800200c   0x00000004   Code   RO         3846    i.HardFault_Handler  stm32f10x_it.o
    0x08002010   0x08002010   0x000000a0   Code   RO         3317    i.Key_Init          key.o
    0x080020b0   0x080020b0   0x00000128   Code   RO         3318    i.Key_Scan          key.o
    0x080021d8   0x080021d8   0x00000014   Code   RO         3268    i.LED1_OFF          led.o
    0x080021ec   0x080021ec   0x00000014   Code   RO         3269    i.LED1_ON           led.o
    0x08002200   0x08002200   0x00000034   Code   RO         3274    i.LED_Init          led.o
    0x08002234   0x08002234   0x0000005c   Code   RO         3661    i.LPID_realize      rpm.o
    0x08002290   0x08002290   0x00000004   Code   RO         3847    i.MemManage_Handler  stm32f10x_it.o
    0x08002294   0x08002294   0x00000030   Code   RO         3506    i.Motor_Init        motor.o
    0x080022c4   0x080022c4   0x0000009c   Code   RO         3507    i.Motor_SetSpeed    motor.o
    0x08002360   0x08002360   0x0000007c   Code   RO         3508    i.Motor_control_1   motor.o
    0x080023dc   0x080023dc   0x0000007c   Code   RO         3509    i.Motor_control_2   motor.o
    0x08002458   0x08002458   0x0000012c   Code   RO         3510    i.Motor_control_3   motor.o
    0x08002584   0x08002584   0x00000002   Code   RO         3848    i.NMI_Handler       stm32f10x_it.o
    0x08002586   0x08002586   0x00000002   PAD
    0x08002588   0x08002588   0x00000070   Code   RO          137    i.NVIC_Init         misc.o
    0x080025f8   0x080025f8   0x00000014   Code   RO          138    i.NVIC_PriorityGroupConfig  misc.o
    0x0800260c   0x0800260c   0x0000002a   Code   RO         3368    i.OLED_Clear        oled.o
    0x08002636   0x08002636   0x00000002   PAD
    0x08002638   0x08002638   0x0000004c   Code   RO         3369    i.OLED_I2C_Init     oled.o
    0x08002684   0x08002684   0x00000050   Code   RO         3370    i.OLED_I2C_SendByte  oled.o
    0x080026d4   0x080026d4   0x00000030   Code   RO         3371    i.OLED_I2C_Start    oled.o
    0x08002704   0x08002704   0x00000028   Code   RO         3372    i.OLED_I2C_Stop     oled.o
    0x0800272c   0x0800272c   0x000000ae   Code   RO         3373    i.OLED_Init         oled.o
    0x080027da   0x080027da   0x00000014   Code   RO         3374    i.OLED_Pow          oled.o
    0x080027ee   0x080027ee   0x00000022   Code   RO         3375    i.OLED_SetCursor    oled.o
    0x08002810   0x08002810   0x00000074   Code   RO         3377    i.OLED_ShowChar     oled.o
    0x08002884   0x08002884   0x00000040   Code   RO         3378    i.OLED_ShowFNum     oled.o
    0x080028c4   0x080028c4   0x00000044   Code   RO         3380    i.OLED_ShowNum      oled.o
    0x08002908   0x08002908   0x00000066   Code   RO         3381    i.OLED_ShowSignedNum  oled.o
    0x0800296e   0x0800296e   0x00000028   Code   RO         3382    i.OLED_ShowString   oled.o
    0x08002996   0x08002996   0x00000020   Code   RO         3383    i.OLED_WriteCommand  oled.o
    0x080029b6   0x080029b6   0x00000020   Code   RO         3384    i.OLED_WriteData    oled.o
    0x080029d6   0x080029d6   0x00000002   PAD
    0x080029d8   0x080029d8   0x000000dc   Code   RO         3482    i.PWM_Init          pwm.o
    0x08002ab4   0x08002ab4   0x00000014   Code   RO         3483    i.PWM_SetCompare1   pwm.o
    0x08002ac8   0x08002ac8   0x00000014   Code   RO         3484    i.PWM_SetCompare4   pwm.o
    0x08002adc   0x08002adc   0x00000002   Code   RO         3849    i.PendSV_Handler    stm32f10x_it.o
    0x08002ade   0x08002ade   0x00000002   PAD
    0x08002ae0   0x08002ae0   0x00000094   Code   RO         3511    i.Position_PID      motor.o
    0x08002b74   0x08002b74   0x00000020   Code   RO         1775    i.RCC_APB1PeriphClockCmd  stm32f10x_rcc.o
    0x08002b94   0x08002b94   0x00000020   Code   RO         1777    i.RCC_APB2PeriphClockCmd  stm32f10x_rcc.o
    0x08002bb4   0x08002bb4   0x000000d4   Code   RO         1785    i.RCC_GetClocksFreq  stm32f10x_rcc.o
    0x08002c88   0x08002c88   0x0000005c   Code   RO         3662    i.RPID_realize      rpm.o
    0x08002ce4   0x08002ce4   0x00000002   Code   RO         3850    i.SVC_Handler       stm32f10x_it.o
    0x08002ce6   0x08002ce6   0x00000024   Code   RO         3692    i.Serial_Printf     serial.o
    0x08002d0a   0x08002d0a   0x00000002   PAD
    0x08002d0c   0x08002d0c   0x00000020   Code   RO         3694    i.Serial_SendByte   serial.o
    0x08002d2c   0x08002d2c   0x0000001a   Code   RO         3696    i.Serial_SendString  serial.o
    0x08002d46   0x08002d46   0x00000008   Code   RO           24    i.SetSysClock       system_stm32f10x.o
    0x08002d4e   0x08002d4e   0x00000002   PAD
    0x08002d50   0x08002d50   0x000000e0   Code   RO           25    i.SetSysClockTo72   system_stm32f10x.o
    0x08002e30   0x08002e30   0x00000002   Code   RO         3851    i.SysTick_Handler   stm32f10x_it.o
    0x08002e32   0x08002e32   0x00000002   PAD
    0x08002e34   0x08002e34   0x00000060   Code   RO           27    i.SystemInit        system_stm32f10x.o
    0x08002e94   0x08002e94   0x000000a0   Code   RO         3799    i.TIM2_IRQHandler   main.o
    0x08002f34   0x08002f34   0x0000007e   Code   RO         3220    i.TIM2_Init         time_interrupt.o
    0x08002fb2   0x08002fb2   0x00000018   Code   RO         2409    i.TIM_ARRPreloadConfig  stm32f10x_tim.o
    0x08002fca   0x08002fca   0x00000006   Code   RO         2415    i.TIM_ClearFlag     stm32f10x_tim.o
    0x08002fd0   0x08002fd0   0x00000006   Code   RO         2416    i.TIM_ClearITPendingBit  stm32f10x_tim.o
    0x08002fd6   0x08002fd6   0x00000018   Code   RO         2421    i.TIM_Cmd           stm32f10x_tim.o
    0x08002fee   0x08002fee   0x0000001e   Code   RO         2423    i.TIM_CtrlPWMOutputs  stm32f10x_tim.o
    0x0800300c   0x0800300c   0x00000022   Code   RO         2442    i.TIM_GetITStatus   stm32f10x_tim.o
    0x0800302e   0x0800302e   0x00000012   Code   RO         2446    i.TIM_ITConfig      stm32f10x_tim.o
    0x08003040   0x08003040   0x0000000c   Code   RO         2448    i.TIM_InternalClockConfig  stm32f10x_tim.o
    0x0800304c   0x0800304c   0x00000098   Code   RO         2450    i.TIM_OC1Init       stm32f10x_tim.o
    0x080030e4   0x080030e4   0x00000012   Code   RO         2453    i.TIM_OC1PreloadConfig  stm32f10x_tim.o
    0x080030f6   0x080030f6   0x00000002   PAD
    0x080030f8   0x080030f8   0x0000007c   Code   RO         2465    i.TIM_OC4Init       stm32f10x_tim.o
    0x08003174   0x08003174   0x0000001a   Code   RO         2467    i.TIM_OC4PreloadConfig  stm32f10x_tim.o
    0x0800318e   0x0800318e   0x00000004   Code   RO         2482    i.TIM_SetCompare1   stm32f10x_tim.o
    0x08003192   0x08003192   0x00000006   Code   RO         2485    i.TIM_SetCompare4   stm32f10x_tim.o
    0x08003198   0x08003198   0x000000a4   Code   RO         2492    i.TIM_TimeBaseInit  stm32f10x_tim.o
    0x0800323c   0x0800323c   0x00000038   Code   RO         3697    i.USART1_IRQHandler  serial.o
    0x08003274   0x08003274   0x000000a0   Code   RO         3698    i.USART1_Init       serial.o
    0x08003314   0x08003314   0x0000021c   Code   RO         3601    i.USART2_IRQHandler  openmv.o
    0x08003530   0x08003530   0x00000088   Code   RO         3602    i.USART2_Init       openmv.o
    0x080035b8   0x080035b8   0x0000001e   Code   RO         2957    i.USART_ClearITPendingBit  stm32f10x_usart.o
    0x080035d6   0x080035d6   0x00000018   Code   RO         2960    i.USART_Cmd         stm32f10x_usart.o
    0x080035ee   0x080035ee   0x0000001a   Code   RO         2963    i.USART_GetFlagStatus  stm32f10x_usart.o
    0x08003608   0x08003608   0x00000054   Code   RO         2964    i.USART_GetITStatus  stm32f10x_usart.o
    0x0800365c   0x0800365c   0x0000004a   Code   RO         2966    i.USART_ITConfig    stm32f10x_usart.o
    0x080036a6   0x080036a6   0x00000002   PAD
    0x080036a8   0x080036a8   0x000000d8   Code   RO         2967    i.USART_Init        stm32f10x_usart.o
    0x08003780   0x08003780   0x0000000a   Code   RO         2974    i.USART_ReceiveData  stm32f10x_usart.o
    0x0800378a   0x0800378a   0x00000008   Code   RO         2977    i.USART_SendData    stm32f10x_usart.o
    0x08003792   0x08003792   0x00000004   Code   RO         3852    i.UsageFault_Handler  stm32f10x_it.o
    0x08003796   0x08003796   0x00000028   Code   RO         4132    i.__ARM_fpclassify  m_ws.l(fpclassify.o)
    0x080037be   0x080037be   0x0000000e   Code   RO         3927    i._is_digit         c_w.l(__printf_wp.o)
    0x080037cc   0x080037cc   0x00000110   Code   RO         3800    i.go_line           main.o
    0x080038dc   0x080038dc   0x00000084   Code   RO         3801    i.main              main.o
    0x08003960   0x08003960   0x00000084   Code   RO         3772    i.sensor_Init       sensor.o
    0x080039e4   0x080039e4   0x0000002c   Code   RO         4128    locale$$code        c_w.l(lc_numeric_c.o)
    0x08003a10   0x08003a10   0x0000002c   Code   RO         4199    locale$$code        c_w.l(lc_ctype_c.o)
    0x08003a3c   0x08003a3c   0x0000000c   Code   RO         4050    x$fpl$dretinf       fz_ws.l(dretinf.o)
    0x08003a48   0x08003a48   0x00000056   Code   RO         3951    x$fpl$f2d           fz_ws.l(f2d.o)
    0x08003a9e   0x08003a9e   0x00000002   PAD
    0x08003aa0   0x08003aa0   0x000000c4   Code   RO         3953    x$fpl$fadd          fz_ws.l(faddsub_clz.o)
    0x08003b64   0x08003b64   0x00000018   Code   RO         4052    x$fpl$fcmpinf       fz_ws.l(fcmpi.o)
    0x08003b7c   0x08003b7c   0x0000003e   Code   RO         3959    x$fpl$ffixu         fz_ws.l(ffixu.o)
    0x08003bba   0x08003bba   0x00000002   PAD
    0x08003bbc   0x08003bbc   0x00000030   Code   RO         3964    x$fpl$fflt          fz_ws.l(fflt_clz.o)
    0x08003bec   0x08003bec   0x00000068   Code   RO         3969    x$fpl$fleqf         fz_ws.l(fleqf.o)
    0x08003c54   0x08003c54   0x00000102   Code   RO         3971    x$fpl$fmul          fz_ws.l(fmul.o)
    0x08003d56   0x08003d56   0x0000008c   Code   RO         4054    x$fpl$fnaninf       fz_ws.l(fnaninf.o)
    0x08003de2   0x08003de2   0x0000000a   Code   RO         4056    x$fpl$fretinf       fz_ws.l(fretinf.o)
    0x08003dec   0x08003dec   0x00000062   Code   RO         3973    x$fpl$frleqf        fz_ws.l(frleqf.o)
    0x08003e4e   0x08003e4e   0x00000014   Code   RO         3954    x$fpl$frsb          fz_ws.l(faddsub_clz.o)
    0x08003e62   0x08003e62   0x00000002   PAD
    0x08003e64   0x08003e64   0x000000ea   Code   RO         3955    x$fpl$fsub          fz_ws.l(faddsub_clz.o)
    0x08003f4e   0x08003f4e   0x00000004   Code   RO         3975    x$fpl$printf1       fz_ws.l(printf1.o)
    0x08003f52   0x08003f52   0x00000004   Code   RO         4058    x$fpl$printf2       fz_ws.l(printf2.o)
    0x08003f56   0x08003f56   0x00000000   Code   RO         4064    x$fpl$usenofp       fz_ws.l(usenofp.o)
    0x08003f56   0x08003f56   0x000005f0   Data   RO         3385    .constdata          oled.o
    0x08004546   0x08004546   0x00000011   Data   RO         3935    .constdata          c_w.l(__printf_flags_ss_wp.o)
    0x08004557   0x08004557   0x00000001   PAD
    0x08004558   0x08004558   0x00000008   Data   RO         3995    .constdata          c_w.l(_printf_wctomb.o)
    0x08004560   0x08004560   0x00000028   Data   RO         4024    .constdata          c_w.l(_printf_hex_int_ll_ptr.o)
    0x08004588   0x08004588   0x00000026   Data   RO         4090    .constdata          c_w.l(_printf_fp_hex.o)
    0x080045ae   0x080045ae   0x00000002   PAD
    0x080045b0   0x080045b0   0x00000094   Data   RO         4101    .constdata          c_w.l(bigflt0.o)
    0x08004644   0x08004644   0x00000020   Data   RO         4278    Region$$Table       anon$$obj.o
    0x08004664   0x08004664   0x0000001c   Data   RO         4127    locale$$data        c_w.l(lc_numeric_c.o)
    0x08004680   0x08004680   0x00000110   Data   RO         4198    locale$$data        c_w.l(lc_ctype_c.o)


    Execution Region RW_IRAM1 (Exec base: 0x20000000, Load base: 0x08004790, Size: 0x000007c0, Max: 0x00005000, ABSOLUTE, COMPRESSED[0x0000004c])

    Exec Addr    Load Addr    Size         Type   Attr      Idx    E Section Name        Object

    0x20000000   COMPRESSED   0x00000014   Data   RW         1805    .data               stm32f10x_rcc.o
    0x20000014   COMPRESSED   0x00000010   Data   RW         3321    .data               key.o
    0x20000024   COMPRESSED   0x00000018   Data   RW         3512    .data               motor.o
    0x2000003c   COMPRESSED   0x00000008   Data   RW         3564    .data               encoder.o
    0x20000044   COMPRESSED   0x00000017   Data   RW         3604    .data               openmv.o
    0x2000005b   COMPRESSED   0x00000001   PAD
    0x2000005c   COMPRESSED   0x00000054   Data   RW         3664    .data               rpm.o
    0x200000b0   COMPRESSED   0x00000002   Data   RW         3700    .data               serial.o
    0x200000b2   COMPRESSED   0x00000002   PAD
    0x200000b4   COMPRESSED   0x0000003c   Data   RW         3773    .data               sensor.o
    0x200000f0   COMPRESSED   0x00000058   Data   RW         3802    .data               main.o
    0x20000148        -       0x00000014   Zero   RW         3603    .bss                openmv.o
    0x2000015c        -       0x00000060   Zero   RW         4135    .bss                c_w.l(libspace.o)
    0x200001bc   COMPRESSED   0x00000004   PAD
    0x200001c0        -       0x00000200   Zero   RW            2    HEAP                startup_stm32f10x_md.o
    0x200003c0        -       0x00000400   Zero   RW            1    STACK               startup_stm32f10x_md.o


==============================================================================

Image component sizes


      Code (inc. data)   RO Data    RW Data    ZI Data      Debug   Object Name

         0          0          0          0          0       4500   core_cm3.o
        70          0          0          0          0        938   delay.o
       304         36          0          8          0       2867   encoder.o
       456         32          0         16          0       1596   key.o
        92         16          0          0          0       1320   led.o
       564         70          0         88          0       2309   main.o
       132         22          0          0          0     206935   misc.o
       900         68          0         24          0       3604   motor.o
       968         40       1520          0          0       9002   oled.o
       676         54          0         23         20       1944   openmv.o
       260         26          0          0          0       1643   pwm.o
       184         24          0         84          0       2016   rpm.o
       260         20          0         60          0       1650   sensor.o
       310         24          0          2          0       3610   serial.o
        64         26        236          0       1536        824   startup_stm32f10x_md.o
         0          0          0          0          0       1664   stm32f10x_adc.o
       160         12          0          0          0       3545   stm32f10x_exti.o
       522         10          0          0          0      13780   stm32f10x_gpio.o
        26          0          0          0          0       3802   stm32f10x_it.o
       276         32          0         20          0      13018   stm32f10x_rcc.o
       648         72          0          0          0      29242   stm32f10x_tim.o
       472          6          0          0          0      12547   stm32f10x_usart.o
       328         28          0          0          0      45269   system_stm32f10x.o
       126          0          0          0          0        584   time_interrupt.o

    ----------------------------------------------------------------------
      7820        618       1788        328       1556     368209   Object Totals
         0          0         32          0          0          0   (incl. Generated)
        22          0          0          3          0          0   (incl. Padding)

    ----------------------------------------------------------------------

      Code (inc. data)   RO Data    RW Data    ZI Data      Debug   Library Member Name

        44          6          0          0          0         84   __2sprintf.o
        90          0          0          0          0          0   __dczerorl2.o
         8          0          0          0          0         68   __main.o
       392          4         17          0          0         92   __printf_flags_ss_wp.o
        14          0          0          0          0         68   __printf_wp.o
         0          0          0          0          0          0   __rtentry.o
        12          0          0          0          0          0   __rtentry2.o
         6          0          0          0          0          0   __rtentry4.o
        52          8          0          0          0          0   __scatter.o
        28          0          0          0          0          0   __scatter_zi.o
         6          0          0          0          0          0   _printf_a.o
         6          0          0          0          0          0   _printf_c.o
        44          0          0          0          0        108   _printf_char.o
        48          6          0          0          0         96   _printf_char_common.o
        40          0          0          0          0         68   _printf_charcount.o
         6          0          0          0          0          0   _printf_d.o
       120         16          0          0          0         92   _printf_dec.o
         6          0          0          0          0          0   _printf_e.o
         6          0          0          0          0          0   _printf_f.o
      1054          0          0          0          0        216   _printf_fp_dec.o
       764          8         38          0          0        100   _printf_fp_hex.o
       128         16          0          0          0         84   _printf_fp_infnan.o
         6          0          0          0          0          0   _printf_g.o
       148          4         40          0          0        160   _printf_hex_int_ll_ptr.o
         6          0          0          0          0          0   _printf_i.o
       178          0          0          0          0         88   _printf_intcommon.o
        10          0          0          0          0          0   _printf_l.o
         6          0          0          0          0          0   _printf_lc.o
        10          0          0          0          0          0   _printf_ll.o
         6          0          0          0          0          0   _printf_lld.o
         6          0          0          0          0          0   _printf_lli.o
         6          0          0          0          0          0   _printf_llo.o
         6          0          0          0          0          0   _printf_llu.o
         6          0          0          0          0          0   _printf_llx.o
       124         16          0          0          0         92   _printf_longlong_dec.o
         6          0          0          0          0          0   _printf_ls.o
         6          0          0          0          0          0   _printf_n.o
         6          0          0          0          0          0   _printf_o.o
       112         10          0          0          0        124   _printf_oct_int_ll.o
         6          0          0          0          0          0   _printf_p.o
        78          0          0          0          0        108   _printf_pad.o
         0          0          0          0          0          0   _printf_percent.o
         4          0          0          0          0          0   _printf_percent_end.o
         6          0          0          0          0          0   _printf_s.o
        82          0          0          0          0         80   _printf_str.o
        36          0          0          0          0         84   _printf_truncate.o
         6          0          0          0          0          0   _printf_u.o
        44          0          0          0          0        108   _printf_wchar.o
       188          6          8          0          0         92   _printf_wctomb.o
         6          0          0          0          0          0   _printf_x.o
        10          0          0          0          0         68   _sputc.o
        64          0          0          0          0         92   _wcrtomb.o
       228          4        148          0          0         96   bigflt0.o
      1936        128          0          0          0        672   btod.o
        18          0          0          0          0         80   exit.o
         6          0          0          0          0        152   heapauxi.o
         0          0          0          0          0          0   indicate_semi.o
        44         10        272          0          0         76   lc_ctype_c.o
        44         10         28          0          0         76   lc_numeric_c.o
         2          0          0          0          0          0   libinit.o
        30          0          0          0          0          0   libinit2.o
         2          0          0          0          0          0   libshutdown.o
         2          0          0          0          0          0   libshutdown2.o
         8          4          0          0         96         68   libspace.o
       138          0          0          0          0         80   lludiv10.o
        16          4          0          0          0         76   rt_ctype_table.o
         8          4          0          0          0         68   rt_locale_intlibspace.o
         2          0          0          0          0          0   rtexit.o
        10          0          0          0          0          0   rtexit2.o
       128          0          0          0          0         68   strcmpv7m.o
        12          4          0          0          0         68   sys_exit.o
        74          0          0          0          0         80   sys_stackheap_outer.o
         2          0          0          0          0         68   use_no_semi.o
        36          4          0          0          0         76   vsprintf.o
        12          0          0          0          0         68   dretinf.o
        86          4          0          0          0         84   f2d.o
       450          8          0          0          0        236   faddsub_clz.o
        24          0          0          0          0         68   fcmpi.o
        62          4          0          0          0         84   ffixu.o
        48          0          0          0          0         68   fflt_clz.o
       104          4          0          0          0         84   fleqf.o
       258          4          0          0          0         84   fmul.o
       140          4          0          0          0         84   fnaninf.o
        10          0          0          0          0         68   fretinf.o
        98          0          0          0          0         68   frleqf.o
         4          0          0          0          0         68   printf1.o
         4          0          0          0          0         68   printf2.o
         0          0          0          0          0          0   usenofp.o
        40          0          0          0          0         68   fpclassify.o

    ----------------------------------------------------------------------
      8158        300        554          0        100       5176   Library Totals
        20          0          3          0          4          0   (incl. Padding)

    ----------------------------------------------------------------------

      Code (inc. data)   RO Data    RW Data    ZI Data      Debug   Library Name

      6798        272        551          0         96       3976   c_w.l
      1300         28          0          0          0       1132   fz_ws.l
        40          0          0          0          0         68   m_ws.l

    ----------------------------------------------------------------------
      8158        300        554          0        100       5176   Library Totals

    ----------------------------------------------------------------------

==============================================================================


      Code (inc. data)   RO Data    RW Data    ZI Data      Debug   

     15978        918       2342        328       1656     365425   Grand Totals
     15978        918       2342         76       1656     365425   ELF Image Totals (compressed)
     15978        918       2342         76          0          0   ROM Totals

==============================================================================

    Total RO  Size (Code + RO Data)                18320 (  17.89kB)
    Total RW  Size (RW Data + ZI Data)              1984 (   1.94kB)
    Total ROM Size (Code + RO Data + RW Data)      18396 (  17.96kB)

==============================================================================

